nid001021.dogwood.wcoss2.ncep.noaa.gov 0: OOPS_STATS --------------------------- Object counts ----------------------------------------
nid001021.dogwood.wcoss2.ncep.noaa.gov 0: OOPS_STATS ----------------------------------------------------------------------------------
nid001021.dogwood.wcoss2.ncep.noaa.gov 0: OOPS_STATS                                      Total  Simult. Remain    Avg (Mb)    HWM (Mb)
nid001021.dogwood.wcoss2.ncep.noaa.gov 0: OOPS_STATS fv3jedi::Geometry               :        5       4        
nid001021.dogwood.wcoss2.ncep.noaa.gov 0: OOPS_STATS fv3jedi::IOFms                  :       62       1        
nid001021.dogwood.wcoss2.ncep.noaa.gov 0: OOPS_STATS fv3jedi::Increment              :     7849     149        
nid001021.dogwood.wcoss2.ncep.noaa.gov 0: OOPS_STATS fv3jedi::ModelBias              :        5       3        
nid001021.dogwood.wcoss2.ncep.noaa.gov 0: OOPS_STATS fv3jedi::ModelBiasCovariance    :        1       1        
nid001021.dogwood.wcoss2.ncep.noaa.gov 0: OOPS_STATS fv3jedi::State                  :      335      63        
nid001021.dogwood.wcoss2.ncep.noaa.gov 0: OOPS_STATS fv3jedi::VarChaModel2GeoVaLs    :        5       1        
nid001021.dogwood.wcoss2.ncep.noaa.gov 0: OOPS_STATS interpolation::Geometry         :        4       1        
nid001021.dogwood.wcoss2.ncep.noaa.gov 0: OOPS_STATS ioda::ObsDataVector             :      174      12        
nid001021.dogwood.wcoss2.ncep.noaa.gov 0: OOPS_STATS ioda::ObsVector                 :      687      22        
nid001021.dogwood.wcoss2.ncep.noaa.gov 0: OOPS_STATS oops::ControlIncrement          :      441     116                7.27      842.76
nid001021.dogwood.wcoss2.ncep.noaa.gov 0: OOPS_STATS oops::ControlVariable           :        5       3        
nid001021.dogwood.wcoss2.ncep.noaa.gov 0: OOPS_STATS oops::EnsembleCovariance        :        2       2        
nid001021.dogwood.wcoss2.ncep.noaa.gov 0: OOPS_STATS oops::GeoVaLs                   :      621       1        
nid001021.dogwood.wcoss2.ncep.noaa.gov 0: OOPS_STATS oops::Geometry                  :        5       4        
nid001021.dogwood.wcoss2.ncep.noaa.gov 0: OOPS_STATS oops::GetValues                 :       15       6        
nid001021.dogwood.wcoss2.ncep.noaa.gov 0: OOPS_STATS oops::Increment                 :     7337     149                7.20     1082.51
nid001021.dogwood.wcoss2.ncep.noaa.gov 0: OOPS_STATS oops::LinearObsOperator         :        6       3        
nid001021.dogwood.wcoss2.ncep.noaa.gov 0: OOPS_STATS oops::LocalInterpolator         :    29040   11616        
nid001021.dogwood.wcoss2.ncep.noaa.gov 0: OOPS_STATS oops::Localization              :        2       2        
nid001021.dogwood.wcoss2.ncep.noaa.gov 0: OOPS_STATS oops::ModelAuxControl           :        5       3        
nid001021.dogwood.wcoss2.ncep.noaa.gov 0: OOPS_STATS oops::ModelAuxCovariance        :        1       1        
nid001021.dogwood.wcoss2.ncep.noaa.gov 0: OOPS_STATS oops::ModelAuxIncrement         :      441     116        
nid001021.dogwood.wcoss2.ncep.noaa.gov 0: OOPS_STATS oops::ModelData                 :        4       1        
nid001021.dogwood.wcoss2.ncep.noaa.gov 0: OOPS_STATS oops::ObsAuxControl             :       15       9        
nid001021.dogwood.wcoss2.ncep.noaa.gov 0: OOPS_STATS oops::ObsAuxCovariance          :        3       3        
nid001021.dogwood.wcoss2.ncep.noaa.gov 0: OOPS_STATS oops::ObsAuxIncrement           :     1323     348        
nid001021.dogwood.wcoss2.ncep.noaa.gov 0: OOPS_STATS oops::ObsAuxIncrements          :      441     116        
nid001021.dogwood.wcoss2.ncep.noaa.gov 0: OOPS_STATS oops::ObsAuxPreconditioner      :       18       9        
nid001021.dogwood.wcoss2.ncep.noaa.gov 0: OOPS_STATS oops::ObsDataVector             :       15      12        
nid001021.dogwood.wcoss2.ncep.noaa.gov 0: OOPS_STATS oops::ObsDiagnostics            :        9       1        
nid001021.dogwood.wcoss2.ncep.noaa.gov 0: OOPS_STATS oops::ObsError                  :        3       3        
nid001021.dogwood.wcoss2.ncep.noaa.gov 0: OOPS_STATS oops::ObsOperator               :        9       6        
nid001021.dogwood.wcoss2.ncep.noaa.gov 0: OOPS_STATS oops::ObsSpace                  :        3       3        
nid001021.dogwood.wcoss2.ncep.noaa.gov 0: OOPS_STATS oops::ObsSpaces                 :        1       1        
nid001021.dogwood.wcoss2.ncep.noaa.gov 0: OOPS_STATS oops::ObsVector                 :      690      19                0.00        0.00
nid001021.dogwood.wcoss2.ncep.noaa.gov 0: OOPS_STATS oops::SampledLocations          :       42       8        
nid001021.dogwood.wcoss2.ncep.noaa.gov 0: OOPS_STATS oops::State                     :      200      63               14.88     1189.41
nid001021.dogwood.wcoss2.ncep.noaa.gov 0: OOPS_STATS oops::UnstructuredInterpolator  :   191664   23232        
nid001021.dogwood.wcoss2.ncep.noaa.gov 0: OOPS_STATS oops::VariableChange            :        5       1        
nid001021.dogwood.wcoss2.ncep.noaa.gov 0: OOPS_STATS saber::ErrorCovariance          :        2       2        
nid001021.dogwood.wcoss2.ncep.noaa.gov 0: OOPS_STATS ufo::BackgroundCheck            :       16      12        
nid001021.dogwood.wcoss2.ncep.noaa.gov 0: OOPS_STATS ufo::BlackList                  :        3       3        
nid001021.dogwood.wcoss2.ncep.noaa.gov 0: OOPS_STATS ufo::GeoVaLs                    :      636       2        
nid001021.dogwood.wcoss2.ncep.noaa.gov 0: OOPS_STATS ufo::ObsBias                    :       15       9        
nid001021.dogwood.wcoss2.ncep.noaa.gov 0: OOPS_STATS ufo::ObsBiasCovariance          :        3       3        
nid001021.dogwood.wcoss2.ncep.noaa.gov 0: OOPS_STATS ufo::ObsBiasPreconditioner      :        6       6        
nid001021.dogwood.wcoss2.ncep.noaa.gov 0: OOPS_STATS ufo::ObsBoundsCheck             :        9       9        
nid001021.dogwood.wcoss2.ncep.noaa.gov 0: OOPS_STATS ufo::ObsDomainCheck             :        3       3        
nid001021.dogwood.wcoss2.ncep.noaa.gov 0: OOPS_STATS ufo::ObsFilter                  :      160      59        
nid001021.dogwood.wcoss2.ncep.noaa.gov 0: OOPS_STATS ufo::ObsFilterData              :       66      56        
nid001021.dogwood.wcoss2.ncep.noaa.gov 0: OOPS_STATS ufo::ObsVertInterp              :        9       6        
nid001021.dogwood.wcoss2.ncep.noaa.gov 0: OOPS_STATS ufo::ObsVertInterpTLAD          :        6       3        
nid001021.dogwood.wcoss2.ncep.noaa.gov 0: OOPS_STATS ufo::PerformAction              :       31      28        
nid001021.dogwood.wcoss2.ncep.noaa.gov 0: OOPS_STATS ufo::QCmanager                  :        9       4        
nid001021.dogwood.wcoss2.ncep.noaa.gov 0: OOPS_STATS ufo::SampledLocations           :       21       7        
nid001021.dogwood.wcoss2.ncep.noaa.gov 0: OOPS_STATS ufo::VariableAssignment         :        4       3        
nid001021.dogwood.wcoss2.ncep.noaa.gov 0: OOPS_STATS ----------------------------- Object counts --------------------------------------
nid001021.dogwood.wcoss2.ncep.noaa.gov 0: OOPS_STATS  
nid001021.dogwood.wcoss2.ncep.noaa.gov 0: OOPS_STATS --------------------------------------------------------------------------------------------
nid001021.dogwood.wcoss2.ncep.noaa.gov 0: OOPS_STATS ------------------------------------ Timing Statistics -------------------------------------
nid001021.dogwood.wcoss2.ncep.noaa.gov 0: OOPS_STATS --------------------------------------------------------------------------------------------
nid001021.dogwood.wcoss2.ncep.noaa.gov 0: OOPS_STATS Name                                                :   total (ms)   count    time/call (ms)
nid001021.dogwood.wcoss2.ncep.noaa.gov 0: OOPS_STATS ObsFilter::Background Check::ObsFilter              :        15.82      16            0.9888
nid001021.dogwood.wcoss2.ncep.noaa.gov 0: OOPS_STATS ObsFilter::Background Check::postFilter             :       222.90      16           13.9315
nid001021.dogwood.wcoss2.ncep.noaa.gov 0: OOPS_STATS ObsFilter::Background Check::preProcess             :         0.42      16            0.0261
nid001021.dogwood.wcoss2.ncep.noaa.gov 0: OOPS_STATS ObsFilter::Background Check::priorFilter            :         0.01      16            0.0006
nid001021.dogwood.wcoss2.ncep.noaa.gov 0: OOPS_STATS ObsFilter::Bounds Check::ObsFilter                  :         1.77       9            0.1963
nid001021.dogwood.wcoss2.ncep.noaa.gov 0: OOPS_STATS ObsFilter::Bounds Check::postFilter                 :         0.00       9            0.0002
nid001021.dogwood.wcoss2.ncep.noaa.gov 0: OOPS_STATS ObsFilter::Bounds Check::preProcess                 :        11.83       9            1.3141
nid001021.dogwood.wcoss2.ncep.noaa.gov 0: OOPS_STATS ObsFilter::Bounds Check::priorFilter                :         1.57       9            0.1744
nid001021.dogwood.wcoss2.ncep.noaa.gov 0: OOPS_STATS ObsFilter::Domain Check::ObsFilter                  :        22.20       3            7.4009
nid001021.dogwood.wcoss2.ncep.noaa.gov 0: OOPS_STATS ObsFilter::Domain Check::postFilter                 :         0.00       3            0.0002
nid001021.dogwood.wcoss2.ncep.noaa.gov 0: OOPS_STATS ObsFilter::Domain Check::preProcess                 :         4.33       3            1.4421
nid001021.dogwood.wcoss2.ncep.noaa.gov 0: OOPS_STATS ObsFilter::Domain Check::priorFilter                :         0.00       3            0.0005
nid001021.dogwood.wcoss2.ncep.noaa.gov 0: OOPS_STATS ObsFilter::Perform Action::ObsFilter                :        28.48      31            0.9187
nid001021.dogwood.wcoss2.ncep.noaa.gov 0: OOPS_STATS ObsFilter::Perform Action::postFilter               :       111.75      31            3.6047
nid001021.dogwood.wcoss2.ncep.noaa.gov 0: OOPS_STATS ObsFilter::Perform Action::preProcess               :       419.82      31           13.5425
nid001021.dogwood.wcoss2.ncep.noaa.gov 0: OOPS_STATS ObsFilter::Perform Action::priorFilter              :       280.94      31            9.0627
nid001021.dogwood.wcoss2.ncep.noaa.gov 0: OOPS_STATS ObsFilter::RejectList::ObsFilter                    :         0.51       3            0.1703
nid001021.dogwood.wcoss2.ncep.noaa.gov 0: OOPS_STATS ObsFilter::RejectList::postFilter                   :         0.00       3            0.0002
nid001021.dogwood.wcoss2.ncep.noaa.gov 0: OOPS_STATS ObsFilter::RejectList::preProcess                   :         1.66       3            0.5547
nid001021.dogwood.wcoss2.ncep.noaa.gov 0: OOPS_STATS ObsFilter::RejectList::priorFilter                  :         0.00       3            0.0006
nid001021.dogwood.wcoss2.ncep.noaa.gov 0: OOPS_STATS ObsFilter::Variable Assignment::ObsFilter           :         2.92       4            0.7290
nid001021.dogwood.wcoss2.ncep.noaa.gov 0: OOPS_STATS ObsFilter::Variable Assignment::postFilter          :       104.35       4           26.0876
nid001021.dogwood.wcoss2.ncep.noaa.gov 0: OOPS_STATS ObsFilter::Variable Assignment::preProcess          :         0.75       4            0.1864
nid001021.dogwood.wcoss2.ncep.noaa.gov 0: OOPS_STATS ObsFilter::Variable Assignment::priorFilter         :         0.01       4            0.0020
nid001021.dogwood.wcoss2.ncep.noaa.gov 0: OOPS_STATS Vader::Vader                                        :       145.82       9           16.2027
nid001021.dogwood.wcoss2.ncep.noaa.gov 0: OOPS_STATS Vader::changeVar                                    :       219.11       5           43.8230
nid001021.dogwood.wcoss2.ncep.noaa.gov 0: OOPS_STATS Vader::changeVarTraj                                :        37.86       4            9.4642
nid001021.dogwood.wcoss2.ncep.noaa.gov 0: OOPS_STATS fv3jedi::IOFms::IOFms                               :        35.39      62            0.5707
nid001021.dogwood.wcoss2.ncep.noaa.gov 0: OOPS_STATS fv3jedi::IOFms::read state                          :    111228.33      61         1823.4152
nid001021.dogwood.wcoss2.ncep.noaa.gov 0: OOPS_STATS fv3jedi::IOFms::write state                         :    103786.45       1       103786.4454
nid001021.dogwood.wcoss2.ncep.noaa.gov 0: OOPS_STATS fv3jedi::IOFms::~IOFms                              :        17.70      62            0.2856
nid001021.dogwood.wcoss2.ncep.noaa.gov 0: OOPS_STATS fv3jedi::LinVarChaC2A::LinVarChaC2A                 :        37.36       2           18.6780
nid001021.dogwood.wcoss2.ncep.noaa.gov 0: OOPS_STATS fv3jedi::LinVarChaC2A::multiply                     :       139.88     102            1.3714
nid001021.dogwood.wcoss2.ncep.noaa.gov 0: OOPS_STATS fv3jedi::LinVarChaC2A::multiplyAD                   :      2358.24     102           23.1200
nid001021.dogwood.wcoss2.ncep.noaa.gov 0: OOPS_STATS fv3jedi::LinVarChaC2A::~LinVarChaC2A                :         0.42       2            0.2093
nid001021.dogwood.wcoss2.ncep.noaa.gov 0: OOPS_STATS fv3jedi::LinVarChaModel2GeoVaLs::LinVarChaModel2Geo :        12.17       2            6.0867
nid001021.dogwood.wcoss2.ncep.noaa.gov 0: OOPS_STATS fv3jedi::LinVarChaModel2GeoVaLs::multiplyAD         :       164.07     102            1.6085
nid001021.dogwood.wcoss2.ncep.noaa.gov 0: OOPS_STATS fv3jedi::LinVarChaModel2GeoVaLs::~LinVarChaModel2Ge :        16.30       2            8.1481
nid001021.dogwood.wcoss2.ncep.noaa.gov 0: OOPS_STATS fv3jedi::VarChaModel2GeoVaLs::VarChaModel2GeoVaLs   :        20.38       5            4.0763
nid001021.dogwood.wcoss2.ncep.noaa.gov 0: OOPS_STATS fv3jedi::VarChaModel2GeoVaLs::changeVar             :       367.45       5           73.4904
nid001021.dogwood.wcoss2.ncep.noaa.gov 0: OOPS_STATS fv3jedi::VarChaModel2GeoVaLs::~VarChaModel2GeoVaLs  :         0.02       5            0.0044
nid001021.dogwood.wcoss2.ncep.noaa.gov 0: OOPS_STATS ioda::ObsSpace::get_db(DateTime)                    :         1.84      21            0.0875
nid001021.dogwood.wcoss2.ncep.noaa.gov 0: OOPS_STATS ioda::ObsSpace::get_db(double)                      :       136.83      23            5.9492
nid001021.dogwood.wcoss2.ncep.noaa.gov 0: OOPS_STATS ioda::ObsSpace::get_db(float)                       :       442.78     148            2.9918
nid001021.dogwood.wcoss2.ncep.noaa.gov 0: OOPS_STATS ioda::ObsSpace::get_db(int)                         :        11.85      50            0.2370
nid001021.dogwood.wcoss2.ncep.noaa.gov 0: OOPS_STATS ioda::ObsSpace::load                                :      1426.05       3          475.3495
nid001021.dogwood.wcoss2.ncep.noaa.gov 0: OOPS_STATS ioda::ObsSpace::put_db(double)                      :         0.47      36            0.0131
nid001021.dogwood.wcoss2.ncep.noaa.gov 0: OOPS_STATS ioda::ObsSpace::put_db(float)                       :         0.38      16            0.0237
nid001021.dogwood.wcoss2.ncep.noaa.gov 0: OOPS_STATS ioda::ObsSpace::put_db(int)                         :        35.03      12            2.9188
nid001021.dogwood.wcoss2.ncep.noaa.gov 0: OOPS_STATS oops::Covariance::EnsembleCovariance                :    409253.00       2       204626.5005
nid001021.dogwood.wcoss2.ncep.noaa.gov 0: OOPS_STATS oops::Covariance::EnsembleCovariance mean removal   :       145.43       2           72.7127
nid001021.dogwood.wcoss2.ncep.noaa.gov 0: OOPS_STATS oops::Covariance::EnsembleCovariance native ensembl :     40009.97       2        20004.9869
nid001021.dogwood.wcoss2.ncep.noaa.gov 0: OOPS_STATS oops::Covariance::EnsembleCovariance native geometr :     13377.71       2         6688.8556
nid001021.dogwood.wcoss2.ncep.noaa.gov 0: OOPS_STATS oops::Covariance::EnsembleCovariance resolution con :    348045.82       2       174022.9121
nid001021.dogwood.wcoss2.ncep.noaa.gov 0: OOPS_STATS oops::Covariance::EnsembleCovariance state to incre :       717.61       2          358.8057
nid001021.dogwood.wcoss2.ncep.noaa.gov 0: OOPS_STATS oops::Covariance::HybridCovariance                  :    434520.65       2       217260.3229
nid001021.dogwood.wcoss2.ncep.noaa.gov 0: OOPS_STATS oops::Covariance::SABER::Constructor                :       101.95       2           50.9731
nid001021.dogwood.wcoss2.ncep.noaa.gov 0: OOPS_STATS oops::Covariance::SABER::multiply                   :    110195.31     102         1080.3462
nid001021.dogwood.wcoss2.ncep.noaa.gov 0: OOPS_STATS oops::Covariance::ensemble::Constructor             :         0.01       2            0.0072
nid001021.dogwood.wcoss2.ncep.noaa.gov 0: OOPS_STATS oops::Covariance::ensemble::multiply                :    632337.08     102         6199.3831
nid001021.dogwood.wcoss2.ncep.noaa.gov 0: OOPS_STATS oops::Covariance::hybrid::Constructor               :         0.02       2            0.0089
nid001021.dogwood.wcoss2.ncep.noaa.gov 0: OOPS_STATS oops::Covariance::hybrid::multiply                  :    743131.25     102         7285.6005
nid001021.dogwood.wcoss2.ncep.noaa.gov 0: OOPS_STATS oops::GeoVaLs::GeoVaLs                              :       472.22     621            0.7604
nid001021.dogwood.wcoss2.ncep.noaa.gov 0: OOPS_STATS oops::GeoVaLs::fill                                 :        53.42    2672            0.0200
nid001021.dogwood.wcoss2.ncep.noaa.gov 0: OOPS_STATS oops::GeoVaLs::fillAD                               :         1.15    2448            0.0005
nid001021.dogwood.wcoss2.ncep.noaa.gov 0: OOPS_STATS oops::GeoVaLs::~GeoVaLs                             :         1.04     621            0.0017
nid001021.dogwood.wcoss2.ncep.noaa.gov 0: OOPS_STATS oops::Geometry::Geometry                            :     11692.79       5         2338.5586
nid001021.dogwood.wcoss2.ncep.noaa.gov 0: OOPS_STATS oops::Geometry::variableSizes                       :         0.24      55            0.0044
nid001021.dogwood.wcoss2.ncep.noaa.gov 0: OOPS_STATS oops::Geometry::~Geometry                           :      2567.32       5          513.4649
nid001021.dogwood.wcoss2.ncep.noaa.gov 0: OOPS_STATS oops::GeometryData::containingTriangleAndBarycentri :       935.45  134232            0.0070
nid001021.dogwood.wcoss2.ncep.noaa.gov 0: OOPS_STATS oops::GeometryData::setGlobalTree                   :    401589.08      87         4615.9665
nid001021.dogwood.wcoss2.ncep.noaa.gov 0: OOPS_STATS oops::GeometryData::setLocalTree                    :     12473.92      87          143.3783
nid001021.dogwood.wcoss2.ncep.noaa.gov 0: OOPS_STATS oops::GeometryData::setMeshAndTriangulation         :     11137.93      87          128.0222
nid001021.dogwood.wcoss2.ncep.noaa.gov 0: OOPS_STATS oops::GetValues::GetValues                          :      4427.78      15          295.1851
nid001021.dogwood.wcoss2.ncep.noaa.gov 0: OOPS_STATS oops::GetValues::fillGeoVaLs                        :        77.33      15            5.1552
nid001021.dogwood.wcoss2.ncep.noaa.gov 0: OOPS_STATS oops::GetValues::fillGeoVaLsAD                      :       741.68     306            2.4238
nid001021.dogwood.wcoss2.ncep.noaa.gov 0: OOPS_STATS oops::GetValues::fillGeoVaLsTL                      :        15.41     300            0.0514
nid001021.dogwood.wcoss2.ncep.noaa.gov 0: OOPS_STATS oops::GetValues::finalize                           :       717.87      15           47.8577
nid001021.dogwood.wcoss2.ncep.noaa.gov 0: OOPS_STATS oops::GetValues::finalizeAD                         :        34.46     306            0.1126
nid001021.dogwood.wcoss2.ncep.noaa.gov 0: OOPS_STATS oops::GetValues::finalizeTL                         :        10.64     300            0.0355
nid001021.dogwood.wcoss2.ncep.noaa.gov 0: OOPS_STATS oops::GetValues::initialize                         :       722.37      15           48.1583
nid001021.dogwood.wcoss2.ncep.noaa.gov 0: OOPS_STATS oops::GetValues::initializeAD                       :         2.43     306            0.0079
nid001021.dogwood.wcoss2.ncep.noaa.gov 0: OOPS_STATS oops::GetValues::initializeTL                       :        18.62     300            0.0621
nid001021.dogwood.wcoss2.ncep.noaa.gov 0: OOPS_STATS oops::GetValues::process                            :        30.42      15            2.0283
nid001021.dogwood.wcoss2.ncep.noaa.gov 0: OOPS_STATS oops::GetValues::processAD                          :       669.60     306            2.1882
nid001021.dogwood.wcoss2.ncep.noaa.gov 0: OOPS_STATS oops::GetValues::processTL                          :       537.22     300            1.7907
nid001021.dogwood.wcoss2.ncep.noaa.gov 0: OOPS_STATS oops::Increment::Increment                          :      7409.15    7337            1.0098
nid001021.dogwood.wcoss2.ncep.noaa.gov 0: OOPS_STATS oops::Increment::axpy                               :      2648.72    2750            0.9632
nid001021.dogwood.wcoss2.ncep.noaa.gov 0: OOPS_STATS oops::Increment::diff                               :     54170.14      65          833.3868
nid001021.dogwood.wcoss2.ncep.noaa.gov 0: OOPS_STATS oops::Increment::dot_product_with                   :      5896.99    2959            1.9929
nid001021.dogwood.wcoss2.ncep.noaa.gov 0: OOPS_STATS oops::Increment::fromFieldSet                       :     16815.91    3264            5.1519
nid001021.dogwood.wcoss2.ncep.noaa.gov 0: OOPS_STATS oops::Increment::operator*=                         :       362.82     506            0.7170
nid001021.dogwood.wcoss2.ncep.noaa.gov 0: OOPS_STATS oops::Increment::operator+=                         :      3612.05    3726            0.9694
nid001021.dogwood.wcoss2.ncep.noaa.gov 0: OOPS_STATS oops::Increment::operator+=(State, Increment)       :      2851.23       2         1425.6155
nid001021.dogwood.wcoss2.ncep.noaa.gov 0: OOPS_STATS oops::Increment::operator-=                         :        66.65      60            1.1109
nid001021.dogwood.wcoss2.ncep.noaa.gov 0: OOPS_STATS oops::Increment::operator=                          :      3417.91    4311            0.7928
nid001021.dogwood.wcoss2.ncep.noaa.gov 0: OOPS_STATS oops::Increment::print                              :      1080.08      13           83.0827
nid001021.dogwood.wcoss2.ncep.noaa.gov 0: OOPS_STATS oops::Increment::schur_product_with                 :      5275.55    6120            0.8620
nid001021.dogwood.wcoss2.ncep.noaa.gov 0: OOPS_STATS oops::Increment::serialSize                         :         0.24     441            0.0006
nid001021.dogwood.wcoss2.ncep.noaa.gov 0: OOPS_STATS oops::Increment::toFieldSet                         :     12541.04    3364            3.7280
nid001021.dogwood.wcoss2.ncep.noaa.gov 0: OOPS_STATS oops::Increment::zero                               :       255.36     410            0.6228
nid001021.dogwood.wcoss2.ncep.noaa.gov 0: OOPS_STATS oops::Increment::~Increment                         :       130.84    7337            0.0178
nid001021.dogwood.wcoss2.ncep.noaa.gov 0: OOPS_STATS oops::LinearObsOper::aircar_airTemperature_133::Lin :         2.38       2            1.1916
nid001021.dogwood.wcoss2.ncep.noaa.gov 0: OOPS_STATS oops::LinearObsOper::aircar_airTemperature_133::req :         0.00       2            0.0017
nid001021.dogwood.wcoss2.ncep.noaa.gov 0: OOPS_STATS oops::LinearObsOper::aircar_airTemperature_133::set :      1338.42       2          669.2109
nid001021.dogwood.wcoss2.ncep.noaa.gov 0: OOPS_STATS oops::LinearObsOper::aircar_airTemperature_133::sim :       105.21     102            1.0314
nid001021.dogwood.wcoss2.ncep.noaa.gov 0: OOPS_STATS oops::LinearObsOper::aircar_airTemperature_133::sim :         1.54     100            0.0154
nid001021.dogwood.wcoss2.ncep.noaa.gov 0: OOPS_STATS oops::LinearObsOper::aircar_airTemperature_133::~Li :        93.45       2           46.7234
nid001021.dogwood.wcoss2.ncep.noaa.gov 0: OOPS_STATS oops::LinearObsOper::aircar_specificHumidity_133::L :         0.08       2            0.0416
nid001021.dogwood.wcoss2.ncep.noaa.gov 0: OOPS_STATS oops::LinearObsOper::aircar_specificHumidity_133::r :         0.00       2            0.0003
nid001021.dogwood.wcoss2.ncep.noaa.gov 0: OOPS_STATS oops::LinearObsOper::aircar_specificHumidity_133::s :         0.26       2            0.1297
nid001021.dogwood.wcoss2.ncep.noaa.gov 0: OOPS_STATS oops::LinearObsOper::aircar_specificHumidity_133::s :         0.16     102            0.0015
nid001021.dogwood.wcoss2.ncep.noaa.gov 0: OOPS_STATS oops::LinearObsOper::aircar_specificHumidity_133::s :         0.23     100            0.0023
nid001021.dogwood.wcoss2.ncep.noaa.gov 0: OOPS_STATS oops::LinearObsOper::aircar_specificHumidity_133::~ :         0.01       2            0.0037
nid001021.dogwood.wcoss2.ncep.noaa.gov 0: OOPS_STATS oops::LinearObsOper::aircar_winds_233::LinearObsOpe :         0.08       2            0.0404
nid001021.dogwood.wcoss2.ncep.noaa.gov 0: OOPS_STATS oops::LinearObsOper::aircar_winds_233::requiredVars :         0.00       2            0.0003
nid001021.dogwood.wcoss2.ncep.noaa.gov 0: OOPS_STATS oops::LinearObsOper::aircar_winds_233::setTrajector :         0.21       2            0.1073
nid001021.dogwood.wcoss2.ncep.noaa.gov 0: OOPS_STATS oops::LinearObsOper::aircar_winds_233::simulateObsA :         0.25     102            0.0024
nid001021.dogwood.wcoss2.ncep.noaa.gov 0: OOPS_STATS oops::LinearObsOper::aircar_winds_233::simulateObsT :         0.31     100            0.0031
nid001021.dogwood.wcoss2.ncep.noaa.gov 0: OOPS_STATS oops::LinearObsOper::aircar_winds_233::~LinearObsOp :         0.01       2            0.0028
nid001021.dogwood.wcoss2.ncep.noaa.gov 0: OOPS_STATS oops::LinearVariableChange::LinearVariableChange    :         1.84       4            0.4612
nid001021.dogwood.wcoss2.ncep.noaa.gov 0: OOPS_STATS oops::LinearVariableChange::changeVarAD             :      5287.47     204           25.9190
nid001021.dogwood.wcoss2.ncep.noaa.gov 0: OOPS_STATS oops::LinearVariableChange::changeVarTL             :      2654.61     202           13.1416
nid001021.dogwood.wcoss2.ncep.noaa.gov 0: OOPS_STATS oops::LinearVariableChange::changeVarTraj           :       131.54       4           32.8838
nid001021.dogwood.wcoss2.ncep.noaa.gov 0: OOPS_STATS oops::LinearVariableChange::~LinearVariableChange   :       227.69       4           56.9215
nid001021.dogwood.wcoss2.ncep.noaa.gov 0: OOPS_STATS oops::LocalInterpolator::LocalInterpolator          :        83.66   29040            0.0029
nid001021.dogwood.wcoss2.ncep.noaa.gov 0: OOPS_STATS oops::LocalInterpolator::apply                      :        13.45   29040            0.0005
nid001021.dogwood.wcoss2.ncep.noaa.gov 0: OOPS_STATS oops::LocalInterpolator::applyAD                    :       364.27  592416            0.0006
nid001021.dogwood.wcoss2.ncep.noaa.gov 0: OOPS_STATS oops::LocalInterpolator::applyTL                    :       231.91  580800            0.0004
nid001021.dogwood.wcoss2.ncep.noaa.gov 0: OOPS_STATS oops::LocalInterpolator::preprocess                 :       566.85     105            5.3986
nid001021.dogwood.wcoss2.ncep.noaa.gov 0: OOPS_STATS oops::LocalInterpolator::preprocessAD               :       573.86     102            5.6260
nid001021.dogwood.wcoss2.ncep.noaa.gov 0: OOPS_STATS oops::LocalInterpolator::~LocalInterpolator         :         6.06   29040            0.0002
nid001021.dogwood.wcoss2.ncep.noaa.gov 0: OOPS_STATS oops::Localization::Localization                    :      4861.40       2         2430.7022
nid001021.dogwood.wcoss2.ncep.noaa.gov 0: OOPS_STATS oops::Localization::multiply                        :    618655.62    3060          202.1750
nid001021.dogwood.wcoss2.ncep.noaa.gov 0: OOPS_STATS oops::Localization::~Localization                   :      2778.65       2         1389.3255
nid001021.dogwood.wcoss2.ncep.noaa.gov 0: OOPS_STATS oops::ModelAuxControl::ModelAuxControl              :         0.01       5            0.0029
nid001021.dogwood.wcoss2.ncep.noaa.gov 0: OOPS_STATS oops::ModelAuxControl::print                        :         0.01       6            0.0015
nid001021.dogwood.wcoss2.ncep.noaa.gov 0: OOPS_STATS oops::ModelAuxControl::~ModelAuxControl             :         0.02       5            0.0032
nid001021.dogwood.wcoss2.ncep.noaa.gov 0: OOPS_STATS oops::ModelAuxCovariance::ModelAuxCovariance        :         0.00       1            0.0039
nid001021.dogwood.wcoss2.ncep.noaa.gov 0: OOPS_STATS oops::ModelAuxCovariance::linearize                 :         0.00       2            0.0002
nid001021.dogwood.wcoss2.ncep.noaa.gov 0: OOPS_STATS oops::ModelAuxCovariance::multiply                  :         0.03     102            0.0003
nid001021.dogwood.wcoss2.ncep.noaa.gov 0: OOPS_STATS oops::ModelAuxCovariance::~ModelAuxCovariance       :         0.00       1            0.0009
nid001021.dogwood.wcoss2.ncep.noaa.gov 0: OOPS_STATS oops::ModelAuxIncrement::ModelAuxIncrement          :         0.24     441            0.0005
nid001021.dogwood.wcoss2.ncep.noaa.gov 0: OOPS_STATS oops::ModelAuxIncrement::axpy                       :         0.76    2750            0.0003
nid001021.dogwood.wcoss2.ncep.noaa.gov 0: OOPS_STATS oops::ModelAuxIncrement::diff                       :         0.00       5            0.0006
nid001021.dogwood.wcoss2.ncep.noaa.gov 0: OOPS_STATS oops::ModelAuxIncrement::dot_product_with           :         0.66    2959            0.0002
nid001021.dogwood.wcoss2.ncep.noaa.gov 0: OOPS_STATS oops::ModelAuxIncrement::operator*=                 :         0.04     198            0.0002
nid001021.dogwood.wcoss2.ncep.noaa.gov 0: OOPS_STATS oops::ModelAuxIncrement::operator+=                 :         0.08     300            0.0003
nid001021.dogwood.wcoss2.ncep.noaa.gov 0: OOPS_STATS oops::ModelAuxIncrement::operator+=ModelAuxControl  :         0.00       2            0.0002
nid001021.dogwood.wcoss2.ncep.noaa.gov 0: OOPS_STATS oops::ModelAuxIncrement::operator=                  :         0.03     108            0.0002
nid001021.dogwood.wcoss2.ncep.noaa.gov 0: OOPS_STATS oops::ModelAuxIncrement::print                      :         0.01      13            0.0007
nid001021.dogwood.wcoss2.ncep.noaa.gov 0: OOPS_STATS oops::ModelAuxIncrement::serialSize                 :         0.02     441            0.0000
nid001021.dogwood.wcoss2.ncep.noaa.gov 0: OOPS_STATS oops::ModelAuxIncrement::zero                       :         0.02     102            0.0002
nid001021.dogwood.wcoss2.ncep.noaa.gov 0: OOPS_STATS oops::ModelAuxIncrement::~ModelAuxIncrement         :         0.17     441            0.0004
nid001021.dogwood.wcoss2.ncep.noaa.gov 0: OOPS_STATS oops::ModelData::ModelData                          :         0.14       4            0.0341
nid001021.dogwood.wcoss2.ncep.noaa.gov 0: OOPS_STATS oops::ModelData::modelData                          :         5.60       4            1.3996
nid001021.dogwood.wcoss2.ncep.noaa.gov 0: OOPS_STATS oops::ModelData::~ModelData                         :         0.03       4            0.0064
nid001021.dogwood.wcoss2.ncep.noaa.gov 0: OOPS_STATS oops::ObsAuxControl::ObsAuxControl                  :         3.64      15            0.2425
nid001021.dogwood.wcoss2.ncep.noaa.gov 0: OOPS_STATS oops::ObsAuxControl::print                          :         0.85      18            0.0473
nid001021.dogwood.wcoss2.ncep.noaa.gov 0: OOPS_STATS oops::ObsAuxControl::requiredHdiagnostics           :         0.00       9            0.0002
nid001021.dogwood.wcoss2.ncep.noaa.gov 0: OOPS_STATS oops::ObsAuxControl::requiredVars                   :         0.01      30            0.0003
nid001021.dogwood.wcoss2.ncep.noaa.gov 0: OOPS_STATS oops::ObsAuxControl::write                          :        92.47       3           30.8244
nid001021.dogwood.wcoss2.ncep.noaa.gov 0: OOPS_STATS oops::ObsAuxControl::~ObsAuxControl                 :        12.47      15            0.8315
nid001021.dogwood.wcoss2.ncep.noaa.gov 0: OOPS_STATS oops::ObsAuxCovariance::ObsAuxCovariance            :         0.10       3            0.0317
nid001021.dogwood.wcoss2.ncep.noaa.gov 0: OOPS_STATS oops::ObsAuxCovariance::inverseMultiply             :         0.35     306            0.0012
nid001021.dogwood.wcoss2.ncep.noaa.gov 0: OOPS_STATS oops::ObsAuxCovariance::linearize                   :       234.11       6           39.0177
nid001021.dogwood.wcoss2.ncep.noaa.gov 0: OOPS_STATS oops::ObsAuxCovariance::multiply                    :         0.67     306            0.0022
nid001021.dogwood.wcoss2.ncep.noaa.gov 0: OOPS_STATS oops::ObsAuxCovariance::preconditioner              :        31.17       6            5.1950
nid001021.dogwood.wcoss2.ncep.noaa.gov 0: OOPS_STATS oops::ObsAuxCovariance::write                       :         0.09       3            0.0285
nid001021.dogwood.wcoss2.ncep.noaa.gov 0: OOPS_STATS oops::ObsAuxCovariance::~ObsAuxCovariance           :        13.15       3            4.3843
nid001021.dogwood.wcoss2.ncep.noaa.gov 0: OOPS_STATS oops::ObsAuxIncrement::ObsAuxIncrement              :       276.11    1323            0.2087
nid001021.dogwood.wcoss2.ncep.noaa.gov 0: OOPS_STATS oops::ObsAuxIncrement::axpy                         :         5.42    8250            0.0007
nid001021.dogwood.wcoss2.ncep.noaa.gov 0: OOPS_STATS oops::ObsAuxIncrement::diff                         :        35.30      15            2.3531
nid001021.dogwood.wcoss2.ncep.noaa.gov 0: OOPS_STATS oops::ObsAuxIncrement::dot_product_with             :        55.39    8877            0.0062
nid001021.dogwood.wcoss2.ncep.noaa.gov 0: OOPS_STATS oops::ObsAuxIncrement::operator*=                   :         1.52     594            0.0026
nid001021.dogwood.wcoss2.ncep.noaa.gov 0: OOPS_STATS oops::ObsAuxIncrement::operator+=                   :         1.09     900            0.0012
nid001021.dogwood.wcoss2.ncep.noaa.gov 0: OOPS_STATS oops::ObsAuxIncrement::operator=                    :        43.71     324            0.1349
nid001021.dogwood.wcoss2.ncep.noaa.gov 0: OOPS_STATS oops::ObsAuxIncrement::print                        :         1.21      39            0.0309
nid001021.dogwood.wcoss2.ncep.noaa.gov 0: OOPS_STATS oops::ObsAuxIncrement::serialSize                   :         0.11    2646            0.0000
nid001021.dogwood.wcoss2.ncep.noaa.gov 0: OOPS_STATS oops::ObsAuxIncrement::zero                         :        42.95     306            0.1404
nid001021.dogwood.wcoss2.ncep.noaa.gov 0: OOPS_STATS oops::ObsAuxIncrement::~ObsAuxIncrement             :        65.94    1323            0.0498
nid001021.dogwood.wcoss2.ncep.noaa.gov 0: OOPS_STATS oops::ObsAuxPreconditioner::multiply                :         0.74     306            0.0024
nid001021.dogwood.wcoss2.ncep.noaa.gov 0: OOPS_STATS oops::ObsAuxPreconditioner::~ObsAuxPreconditioner   :        77.87      18            4.3259
nid001021.dogwood.wcoss2.ncep.noaa.gov 0: OOPS_STATS oops::ObsDataVector::ObsDataVector                  :         0.06      15            0.0039
nid001021.dogwood.wcoss2.ncep.noaa.gov 0: OOPS_STATS oops::ObsDataVector::mask                           :         0.00       9            0.0004
nid001021.dogwood.wcoss2.ncep.noaa.gov 0: OOPS_STATS oops::ObsDataVector::operator=                      :         0.01       9            0.0010
nid001021.dogwood.wcoss2.ncep.noaa.gov 0: OOPS_STATS oops::ObsDataVector::print                          :        17.57       9            1.9521
nid001021.dogwood.wcoss2.ncep.noaa.gov 0: OOPS_STATS oops::ObsDataVector::save                           :        35.21      18            1.9559
nid001021.dogwood.wcoss2.ncep.noaa.gov 0: OOPS_STATS oops::ObsDataVector::~ObsDataVector                 :         0.01      15            0.0009
nid001021.dogwood.wcoss2.ncep.noaa.gov 0: OOPS_STATS oops::ObsDiagnostics::ObsDiagnostics                :         0.36       9            0.0399
nid001021.dogwood.wcoss2.ncep.noaa.gov 0: OOPS_STATS oops::ObsDiagnostics::~ObsDiagnostics               :         0.22       9            0.0248
nid001021.dogwood.wcoss2.ncep.noaa.gov 0: OOPS_STATS oops::ObsError::getRMSE                             :         2.68      18            0.1487
nid001021.dogwood.wcoss2.ncep.noaa.gov 0: OOPS_STATS oops::ObsError::inverseMultiply                     :        13.79     309            0.0446
nid001021.dogwood.wcoss2.ncep.noaa.gov 0: OOPS_STATS oops::ObsError::obserrors                           :         0.06      27            0.0024
nid001021.dogwood.wcoss2.ncep.noaa.gov 0: OOPS_STATS oops::ObsError::update                              :        11.48       9            1.2756
nid001021.dogwood.wcoss2.ncep.noaa.gov 0: OOPS_STATS oops::ObsError::~ObsError                           :        37.95       3           12.6492
nid001021.dogwood.wcoss2.ncep.noaa.gov 0: OOPS_STATS oops::ObsOperator::aircar_airTemperature_133::ObsOp :        34.91       3           11.6366
nid001021.dogwood.wcoss2.ncep.noaa.gov 0: OOPS_STATS oops::ObsOperator::aircar_airTemperature_133::compu :        11.55       5            2.3093
nid001021.dogwood.wcoss2.ncep.noaa.gov 0: OOPS_STATS oops::ObsOperator::aircar_airTemperature_133::locat :         1.05       5            0.2098
nid001021.dogwood.wcoss2.ncep.noaa.gov 0: OOPS_STATS oops::ObsOperator::aircar_airTemperature_133::requi :         0.00       5            0.0010
nid001021.dogwood.wcoss2.ncep.noaa.gov 0: OOPS_STATS oops::ObsOperator::aircar_airTemperature_133::simul :       292.87       3           97.6239
nid001021.dogwood.wcoss2.ncep.noaa.gov 0: OOPS_STATS oops::ObsOperator::aircar_airTemperature_133::~ObsO :       126.17       3           42.0573
nid001021.dogwood.wcoss2.ncep.noaa.gov 0: OOPS_STATS oops::ObsOperator::aircar_specificHumidity_133::Obs :         0.25       3            0.0821
nid001021.dogwood.wcoss2.ncep.noaa.gov 0: OOPS_STATS oops::ObsOperator::aircar_specificHumidity_133::com :         0.05       5            0.0091
nid001021.dogwood.wcoss2.ncep.noaa.gov 0: OOPS_STATS oops::ObsOperator::aircar_specificHumidity_133::loc :         0.45       5            0.0902
nid001021.dogwood.wcoss2.ncep.noaa.gov 0: OOPS_STATS oops::ObsOperator::aircar_specificHumidity_133::req :         0.00       5            0.0005
nid001021.dogwood.wcoss2.ncep.noaa.gov 0: OOPS_STATS oops::ObsOperator::aircar_specificHumidity_133::sim :         0.05       3            0.0166
nid001021.dogwood.wcoss2.ncep.noaa.gov 0: OOPS_STATS oops::ObsOperator::aircar_specificHumidity_133::~Ob :         0.01       3            0.0030
nid001021.dogwood.wcoss2.ncep.noaa.gov 0: OOPS_STATS oops::ObsOperator::aircar_winds_233::ObsOperator    :         0.26       3            0.0870
nid001021.dogwood.wcoss2.ncep.noaa.gov 0: OOPS_STATS oops::ObsOperator::aircar_winds_233::computeReduced :         0.05       5            0.0092
nid001021.dogwood.wcoss2.ncep.noaa.gov 0: OOPS_STATS oops::ObsOperator::aircar_winds_233::locations      :         0.41       5            0.0817
nid001021.dogwood.wcoss2.ncep.noaa.gov 0: OOPS_STATS oops::ObsOperator::aircar_winds_233::requiredVars   :         0.00       5            0.0004
nid001021.dogwood.wcoss2.ncep.noaa.gov 0: OOPS_STATS oops::ObsOperator::aircar_winds_233::simulateObs    :         0.08       3            0.0252
nid001021.dogwood.wcoss2.ncep.noaa.gov 0: OOPS_STATS oops::ObsOperator::aircar_winds_233::~ObsOperator   :         0.01       3            0.0023
nid001021.dogwood.wcoss2.ncep.noaa.gov 0: OOPS_STATS oops::ObsSpace::ObsSpace                            :      1626.54       3          542.1803
nid001021.dogwood.wcoss2.ncep.noaa.gov 0: OOPS_STATS oops::ObsSpace::obsvariables                        :         0.00       9            0.0001
nid001021.dogwood.wcoss2.ncep.noaa.gov 0: OOPS_STATS oops::ObsSpace::save                                :      2508.50       3          836.1662
nid001021.dogwood.wcoss2.ncep.noaa.gov 0: OOPS_STATS oops::ObsSpace::~ObsSpace                           :        49.90       3           16.6330
nid001021.dogwood.wcoss2.ncep.noaa.gov 0: OOPS_STATS oops::ObsVector::ObsVector                          :       123.97     681            0.1820
nid001021.dogwood.wcoss2.ncep.noaa.gov 0: OOPS_STATS oops::ObsVector::dot_product                        :         0.71      18            0.0396
nid001021.dogwood.wcoss2.ncep.noaa.gov 0: OOPS_STATS oops::ObsVector::info                               :        52.22      27            1.9341
nid001021.dogwood.wcoss2.ncep.noaa.gov 0: OOPS_STATS oops::ObsVector::operator*=                         :         0.01       9            0.0006
nid001021.dogwood.wcoss2.ncep.noaa.gov 0: OOPS_STATS oops::ObsVector::operator-=                         :         0.00       9            0.0005
nid001021.dogwood.wcoss2.ncep.noaa.gov 0: OOPS_STATS oops::ObsVector::operator=                          :         0.06      18            0.0034
nid001021.dogwood.wcoss2.ncep.noaa.gov 0: OOPS_STATS oops::ObsVector::rms                                :         1.27      18            0.0707
nid001021.dogwood.wcoss2.ncep.noaa.gov 0: OOPS_STATS oops::ObsVector::save                               :         0.51      27            0.0191
nid001021.dogwood.wcoss2.ncep.noaa.gov 0: OOPS_STATS oops::ObsVector::zero                               :        11.74     309            0.0380
nid001021.dogwood.wcoss2.ncep.noaa.gov 0: OOPS_STATS oops::ObsVector::~ObsVector                         :         1.23     681            0.0018
nid001021.dogwood.wcoss2.ncep.noaa.gov 0: OOPS_STATS oops::Parameters::deserialize                       :      1605.67     350            4.5876
nid001021.dogwood.wcoss2.ncep.noaa.gov 0: OOPS_STATS oops::Parameters::serialize                         :        38.04     593            0.0642
nid001021.dogwood.wcoss2.ncep.noaa.gov 0: OOPS_STATS oops::Run::execute                                  :   1500098.26       1      1500098.2648
nid001021.dogwood.wcoss2.ncep.noaa.gov 0: OOPS_STATS oops::SampledLocations::SampledLocations            :         0.01      21            0.0003
nid001021.dogwood.wcoss2.ncep.noaa.gov 0: OOPS_STATS oops::SampledLocations::latitudes                   :         0.00      15            0.0001
nid001021.dogwood.wcoss2.ncep.noaa.gov 0: OOPS_STATS oops::SampledLocations::longitudes                  :         0.00      15            0.0001
nid001021.dogwood.wcoss2.ncep.noaa.gov 0: OOPS_STATS oops::SampledLocations::times                       :         0.00      15            0.0001
nid001021.dogwood.wcoss2.ncep.noaa.gov 0: OOPS_STATS oops::SampledLocations::~SampledLocations           :        46.14      42            1.0986
nid001021.dogwood.wcoss2.ncep.noaa.gov 0: OOPS_STATS oops::State::State                                  :    492854.15     200         2464.2708
nid001021.dogwood.wcoss2.ncep.noaa.gov 0: OOPS_STATS oops::State::print                                  :        92.21       6           15.3692
nid001021.dogwood.wcoss2.ncep.noaa.gov 0: OOPS_STATS oops::State::toFieldSet                             :        85.16      12            7.0964
nid001021.dogwood.wcoss2.ncep.noaa.gov 0: OOPS_STATS oops::State::variables                              :         0.00     116            0.0000
nid001021.dogwood.wcoss2.ncep.noaa.gov 0: OOPS_STATS oops::State::write                                  :    103995.97       1       103995.9688
nid001021.dogwood.wcoss2.ncep.noaa.gov 0: OOPS_STATS oops::State::zero                                   :        13.46      60            0.2243
nid001021.dogwood.wcoss2.ncep.noaa.gov 0: OOPS_STATS oops::State::~State                                 :        56.80     200            0.2840
nid001021.dogwood.wcoss2.ncep.noaa.gov 0: OOPS_STATS oops::UnstructuredInterpolator::UnstructuredInterpo :      8200.63  191664            0.0428
nid001021.dogwood.wcoss2.ncep.noaa.gov 0: OOPS_STATS oops::UnstructuredInterpolator::apply               :       832.20 6890224            0.0001
nid001021.dogwood.wcoss2.ncep.noaa.gov 0: OOPS_STATS oops::UnstructuredInterpolator::applyAD             :       245.46 6714048            0.0000
nid001021.dogwood.wcoss2.ncep.noaa.gov 0: OOPS_STATS oops::VariableChange::VariableChange                :      1029.35       5          205.8706
nid001021.dogwood.wcoss2.ncep.noaa.gov 0: OOPS_STATS oops::VariableChange::changeVar                     :       853.49       5          170.6985
nid001021.dogwood.wcoss2.ncep.noaa.gov 0: OOPS_STATS oops::VariableChange::~VariableChange               :         0.62       5            0.1250
nid001021.dogwood.wcoss2.ncep.noaa.gov 0: OOPS_STATS saber::ErrorCovariance::ErrorCovariance             :     25149.40       2        12574.7017
nid001021.dogwood.wcoss2.ncep.noaa.gov 0: OOPS_STATS saber::ErrorCovariance::doMultiply                  :    103250.42     102         1012.2590
nid001021.dogwood.wcoss2.ncep.noaa.gov 0: OOPS_STATS saber::ErrorCovariance::~ErrorCovariance            :         0.00       2            0.0002
nid001021.dogwood.wcoss2.ncep.noaa.gov 0: OOPS_STATS saber::Localization::Localization                   :      4861.38       2         2430.6901
nid001021.dogwood.wcoss2.ncep.noaa.gov 0: OOPS_STATS saber::Localization::multiply                       :    615200.01    3060          201.0458
nid001021.dogwood.wcoss2.ncep.noaa.gov 0: OOPS_STATS saber::Localization::~Localization                  :         0.00       2            0.0003
nid001021.dogwood.wcoss2.ncep.noaa.gov 0: OOPS_STATS saber::gsi::StaticCovariance::multiply              :     95935.97     102          940.5487
nid001021.dogwood.wcoss2.ncep.noaa.gov 0: OOPS_STATS saber::gsi::StaticCovariance::~StaticCovariance     :       115.89       2           57.9472
nid001021.dogwood.wcoss2.ncep.noaa.gov 0: OOPS_STATS saber::mgbf::Covariance::Covariance                 :      1241.23       2          620.6151
nid001021.dogwood.wcoss2.ncep.noaa.gov 0: OOPS_STATS saber::mgbf::Covariance::multiply                   :    407489.62    3060          133.1665
nid001021.dogwood.wcoss2.ncep.noaa.gov 0: OOPS_STATS saber::mgbf::Covariance::~Covariance                :      2602.03       2         1301.0138
nid001021.dogwood.wcoss2.ncep.noaa.gov 0: OOPS_STATS ufo::ObsFilter::ObsFilter                           :        71.75      66            1.0872
nid001021.dogwood.wcoss2.ncep.noaa.gov 0: OOPS_STATS ufo::ObsFilter::checkFilterData                     :         0.04     198            0.0002
nid001021.dogwood.wcoss2.ncep.noaa.gov 0: OOPS_STATS ufo::ObsFilter::postFilter                          :       439.04      66            6.6521
nid001021.dogwood.wcoss2.ncep.noaa.gov 0: OOPS_STATS ufo::ObsFilter::preProcess                          :       438.84      66            6.6490
nid001021.dogwood.wcoss2.ncep.noaa.gov 0: OOPS_STATS ufo::ObsFilter::priorFilter                         :       282.59      66            4.2817
nid001021.dogwood.wcoss2.ncep.noaa.gov 0: OOPS_STATS ufo::ObsFilter::~ObsFilter                          :        42.27     160            0.2642
nid001021.dogwood.wcoss2.ncep.noaa.gov 0: OOPS_STATS util::Timers::measured                              :   1497716.40       1      1497716.3996
nid001021.dogwood.wcoss2.ncep.noaa.gov 0: OOPS_STATS ------------------------------------ Timing Statistics -------------------------------------
nid001021.dogwood.wcoss2.ncep.noaa.gov 0: 
nid001021.dogwood.wcoss2.ncep.noaa.gov 0: OOPS_STATS ------------------------------------------------------------------------------------------------------------------
nid001021.dogwood.wcoss2.ncep.noaa.gov 0: OOPS_STATS ---------------------------------- Parallel Timing Statistics (1936 MPI tasks) -----------------------------------
nid001021.dogwood.wcoss2.ncep.noaa.gov 0: OOPS_STATS ------------------------------------------------------------------------------------------------------------------
nid001021.dogwood.wcoss2.ncep.noaa.gov 0: OOPS_STATS Name                                                :     min (ms)    max (ms)    avg (ms)     % total   imbal (%)
nid001021.dogwood.wcoss2.ncep.noaa.gov 0: OOPS_STATS oops::Covariance::EnsembleCovariance                :    408620.07   409930.86   409559.31       27.30        0.32
nid001021.dogwood.wcoss2.ncep.noaa.gov 0: OOPS_STATS oops::Covariance::EnsembleCovariance native ensembl :     39943.25    40262.94    40029.49        2.67        0.80
nid001021.dogwood.wcoss2.ncep.noaa.gov 0: OOPS_STATS oops::Covariance::EnsembleCovariance native geometr :     12572.42    13926.88    13533.98        0.90       10.01
nid001021.dogwood.wcoss2.ncep.noaa.gov 0: OOPS_STATS oops::Covariance::EnsembleCovariance resolution con :    348045.82   348275.85   348252.65       23.22        0.07
nid001021.dogwood.wcoss2.ncep.noaa.gov 0: OOPS_STATS oops::Covariance::HybridCovariance                  :    434482.37   434521.14   434485.85       28.96        0.01
nid001021.dogwood.wcoss2.ncep.noaa.gov 0: OOPS_STATS oops::Covariance::SABER::multiply                   :    110185.86   110387.72   110314.43        7.35        0.18
nid001021.dogwood.wcoss2.ncep.noaa.gov 0: OOPS_STATS oops::Covariance::ensemble::multiply                :    632006.21   634023.95   633232.25       42.21        0.32
nid001021.dogwood.wcoss2.ncep.noaa.gov 0: OOPS_STATS oops::Covariance::hybrid::multiply                  :    742928.18   744986.40   744172.38       49.61        0.28
nid001021.dogwood.wcoss2.ncep.noaa.gov 0: OOPS_STATS oops::Geometry::Geometry                            :     11147.31    12472.96    12082.10        0.81       10.97
nid001021.dogwood.wcoss2.ncep.noaa.gov 0: OOPS_STATS oops::Geometry::~Geometry                           :      1878.89     2686.41     2253.95        0.15       35.83
nid001021.dogwood.wcoss2.ncep.noaa.gov 0: OOPS_STATS oops::GeometryData::setGlobalTree                   :    390324.74   401589.08   393516.62       26.23        2.86
nid001021.dogwood.wcoss2.ncep.noaa.gov 0: OOPS_STATS oops::GeometryData::setLocalTree                    :       507.14    20819.73    11260.88        0.75      180.38
nid001021.dogwood.wcoss2.ncep.noaa.gov 0: OOPS_STATS oops::GeometryData::setMeshAndTriangulation         :      2777.05    23000.16    12179.46        0.81      166.04
nid001021.dogwood.wcoss2.ncep.noaa.gov 0: OOPS_STATS oops::GetValues::GetValues                          :      4424.46     5468.71     5380.79        0.36       19.41
nid001021.dogwood.wcoss2.ncep.noaa.gov 0: OOPS_STATS oops::Increment::Increment                          :      6225.69     8713.09     7734.75        0.52       32.16
nid001021.dogwood.wcoss2.ncep.noaa.gov 0: OOPS_STATS oops::Increment::axpy                               :      2362.03     2851.58     2578.15        0.17       18.99
nid001021.dogwood.wcoss2.ncep.noaa.gov 0: OOPS_STATS oops::Increment::diff                               :     54147.56    56692.61    56114.60        3.74        4.54
nid001021.dogwood.wcoss2.ncep.noaa.gov 0: OOPS_STATS oops::Increment::dot_product_with                   :      3972.78     7397.85     5382.52        0.36       63.63
nid001021.dogwood.wcoss2.ncep.noaa.gov 0: OOPS_STATS oops::Increment::fromFieldSet                       :     15564.91    18635.05    17089.16        1.14       17.97
nid001021.dogwood.wcoss2.ncep.noaa.gov 0: OOPS_STATS oops::Increment::operator+=                         :      3042.59     4937.80     4071.30        0.27       46.55
nid001021.dogwood.wcoss2.ncep.noaa.gov 0: OOPS_STATS oops::Increment::operator+=(State, Increment)       :      2836.96     2859.98     2848.99        0.19        0.81
nid001021.dogwood.wcoss2.ncep.noaa.gov 0: OOPS_STATS oops::Increment::operator=                          :      2661.51     4756.10     3792.05        0.25       55.24
nid001021.dogwood.wcoss2.ncep.noaa.gov 0: OOPS_STATS oops::Increment::print                              :      1080.08     1682.80     1533.14        0.10       39.31
nid001021.dogwood.wcoss2.ncep.noaa.gov 0: OOPS_STATS oops::Increment::schur_product_with                 :      4294.99     7562.69     6257.91        0.42       52.22
nid001021.dogwood.wcoss2.ncep.noaa.gov 0: OOPS_STATS oops::Increment::toFieldSet                         :     11056.33    14931.31    12436.43        0.83       31.16
nid001021.dogwood.wcoss2.ncep.noaa.gov 0: OOPS_STATS oops::LinearVariableChange::changeVarAD             :      4822.54     5322.52     5022.13        0.33        9.96
nid001021.dogwood.wcoss2.ncep.noaa.gov 0: OOPS_STATS oops::LinearVariableChange::changeVarTL             :       877.14     2867.97     1691.68        0.11      117.68
nid001021.dogwood.wcoss2.ncep.noaa.gov 0: OOPS_STATS oops::Localization::Localization                    :      4829.66     5192.68     5097.00        0.34        7.12
nid001021.dogwood.wcoss2.ncep.noaa.gov 0: OOPS_STATS oops::Localization::multiply                        :    615056.08   621192.08   617752.98       41.18        0.99
nid001021.dogwood.wcoss2.ncep.noaa.gov 0: OOPS_STATS oops::Localization::~Localization                   :      2679.57     3637.73     3564.95        0.24       26.88
nid001021.dogwood.wcoss2.ncep.noaa.gov 0: OOPS_STATS oops::ObsSpace::ObsSpace                            :      1595.09     1746.99     1644.09        0.11        9.24
nid001021.dogwood.wcoss2.ncep.noaa.gov 0: OOPS_STATS oops::ObsSpace::save                                :      2486.87     3035.73     2659.19        0.18       20.64
nid001021.dogwood.wcoss2.ncep.noaa.gov 0: OOPS_STATS oops::State::State                                  :    492461.03   493388.75   492949.86       32.86        0.19
nid001021.dogwood.wcoss2.ncep.noaa.gov 0: OOPS_STATS oops::State::write                                  :    103556.28   103995.97   103569.47        6.90        0.42
nid001021.dogwood.wcoss2.ncep.noaa.gov 0: OOPS_STATS oops::UnstructuredInterpolator::apply               :       717.39    15143.20    11729.22        0.78      122.99
nid001021.dogwood.wcoss2.ncep.noaa.gov 0: OOPS_STATS oops::UnstructuredInterpolator::applyAD             :       227.17    11083.13     8838.77        0.59      122.82
nid001021.dogwood.wcoss2.ncep.noaa.gov 0: OOPS_STATS saber::ErrorCovariance::ErrorCovariance             :     24460.97    25782.69    24838.44        1.66        5.32
nid001021.dogwood.wcoss2.ncep.noaa.gov 0: OOPS_STATS saber::ErrorCovariance::doMultiply                  :    103143.98   105115.20   104274.32        6.95        1.89
nid001021.dogwood.wcoss2.ncep.noaa.gov 0: OOPS_STATS saber::Localization::Localization                   :      4829.63     5192.62     5096.97        0.34        7.12
nid001021.dogwood.wcoss2.ncep.noaa.gov 0: OOPS_STATS saber::Localization::multiply                       :    611041.05   618065.68   613986.36       40.93        1.14
nid001021.dogwood.wcoss2.ncep.noaa.gov 0: OOPS_STATS saber::gsi::StaticCovariance::multiply              :     95524.85    96040.57    95773.33        6.38        0.54
nid001021.dogwood.wcoss2.ncep.noaa.gov 0: OOPS_STATS saber::mgbf::Covariance::multiply                   :    400394.17   415097.38   406283.65       27.08        3.62
nid001021.dogwood.wcoss2.ncep.noaa.gov 0: OOPS_STATS saber::mgbf::Covariance::~Covariance                :      2602.03     3498.53     3464.65        0.23       25.88
nid001021.dogwood.wcoss2.ncep.noaa.gov 0: OOPS_STATS util::Timers::measured                              :   1497027.94  1498579.67  1497836.98       99.85        0.10
nid001021.dogwood.wcoss2.ncep.noaa.gov 0: OOPS_STATS oops::Run::execute                                  :   1500024.23  1500140.58  1500096.71      100.00        0.01
nid001021.dogwood.wcoss2.ncep.noaa.gov 0: OOPS_STATS ---------------------------------- Parallel Timing Statistics (1936 MPI tasks) -----------------------------------
nid001021.dogwood.wcoss2.ncep.noaa.gov 0: 
nid001021.dogwood.wcoss2.ncep.noaa.gov 0: OOPS_STATS Run end                                  - Runtime:   1561.53 sec,  Memory: total: 16552.09 GB, per task: min =     8.41 GB, max =    15.46 GB
nid001021.dogwood.wcoss2.ncep.noaa.gov 0: Run: Finishing oops::Variational<FV3JEDI, UFO and IODA observations> with status = 0
nid001021.dogwood.wcoss2.ncep.noaa.gov 0: OOPS Ending   2026-07-28 17:10:56 (UTC+0000)
PBS: Running epilogue on parent mom node: nid001021...
nid001894: hostfile_replace_entries: link /root/.ssh/known_hosts to /root/.ssh/known_hosts.old: File exists
nid001894: update_known_hosts: hostfile_replace_entries failed for /root/.ssh/known_hosts: File exists
nid001886: hostfile_replace_entries: link /root/.ssh/known_hosts to /root/.ssh/known_hosts.old: File exists
nid001886: update_known_hosts: hostfile_replace_entries failed for /root/.ssh/known_hosts: File exists
nid001980: hostfile_replace_entries: link /root/.ssh/known_hosts to /root/.ssh/known_hosts.old: File exists
nid001980: update_known_hosts: hostfile_replace_entries failed for /root/.ssh/known_hosts: File exists
nid001895: hostfile_replace_entries: link /root/.ssh/known_hosts to /root/.ssh/known_hosts.old: File exists
nid001895: update_known_hosts: hostfile_replace_entries failed for /root/.ssh/known_hosts: File exists
nid001980: hostfile_replace_entries: link /root/.ssh/known_hosts to /root/.ssh/known_hosts.old: File exists
nid001980: update_known_hosts: hostfile_replace_entries failed for /root/.ssh/known_hosts: File exists
nid001886: hostfile_replace_entries: link /root/.ssh/known_hosts to /root/.ssh/known_hosts.old: File exists
nid001886: update_known_hosts: hostfile_replace_entries failed for /root/.ssh/known_hosts: File exists
##### Job 132128790.dbqs01 - PBS Job Script:
(Note: Duplicate #PBS entries are a function how PBS interprets and caches the original job script.)

#!/bin/bash
#PBS -A RRFS-DEV
#PBS -q dev
#PBS -l walltime=03:45:00
#PBS -l select=62:mpiprocs=128:ncpus=128
#PBS -l place=vscatter:exclhost
#PBS -N deb-hyb-dual-vdl_v1-mpi_v1-node62-p1936 
##PBS -l debug=true
#PBS -j oe -o deb-hyb-online_dual-vdl_dbz-p1936.log


#/lfs/h2/emc/da/noscrub/Shun.Liu/rrfs/testD/ufs-srweather-app/regional_workflow/ush/load_modules_run_task.sh run_anal_gsi /lfs/h2/emc/da/noscrub/Shun.Liu/rrfs/testD/ufs-srweather-app/regional_workflow/jobs/JREGIONAL_RUN_ANAL

#source /lfs/h2/emc/lam/noscrub/emc.lam/rrfs/v0.6.9/ufs-srweather-app/env/build_wcoss2_intel.env
moduledir="/lfs/h2/emc/da/noscrub/Ting.Lei/dr-rdasapp/RDASApp/modulefiles"
module use $moduledir
module load RDAS/wcoss2.intel
export LD_LIBRARY_PATH="${LD_LIBRARY_PATH}:/opt/cray/pe/mpich/8.1.19/ofi/intel/19.0/lib"


ulimit -s unlimited
ulimit -a

echo "start time:"
date


#rundir=/lfs/h2/emc/ptmp/emc.lam/Shun.Liu/anal_conv_gsi_spinup
rundir=/lfs/h2/emc/da/noscrub/Ting.Lei/dr-NA-Ens3Dvar-MGBF/fv3_2024052700_nadomain

cd $rundir

export OMP_NUM_THREADS=1
export OMP_PLACES=cores
export OMP_PROC_BIND=close
export OMP_STACKSIZE=1G
export MPICH_ALLTOALLV_THROTTLE=484
#last_run=$(ls nodiagwrt_nosat_stdout.* 2>/dev/null | sort -n -t. -k 2 | tail -1)

EXEC=/lfs/h2/emc/da/noscrub/Ting.Lei/dr-jedi-bundle-dev/jedi-bundle/build/bin/fv3jedi_var.x
export JEDI_LIBS="/lfs/h2/emc/da/noscrub/Ting.Lei/dr-jedi-bundle-dev/jedi-bundle/build/lib64:/lfs/h2/emc/da/noscrub/Ting.Lei/dr-jedi-bundle-dev/jedi-bundle/build/lib"
# add subproject libs if present:
# JEDI_LIBS="$JEDI_LIBS:/lfs/.../oops/build/lib64:/lfs/.../saber/build/lib64:/lfs/.../ufo/build/lib64"

# include MKL/compiler runtimes if you linked them:
module load intel-oneapi-mkl intel-oneapi-compiler  # or whatever sets MKLROOT
export LD_LIBRARY_PATH="$JEDI_LIBS:$MKLROOT/lib/intel64:$LD_LIBRARY_PATH"
export MPICH_OFI_STARTUP_CONNECT=1


# make sure mpiexec propagates env (Hydra/PALS understands -env or -genv):
mpiexec  -l --line-buffer  -n 1936 -ppn 32 --cpu-bind core --depth 4 --label \
  -env LD_LIBRARY_PATH "$LD_LIBRARY_PATH" \
  $EXEC \
   deb-hyb-online_dual-vdl_dbz-p1936.yaml   deb-hyb-dual-vdl_dbz-p1936-mpi-v1.out
exit


##### End of job script
------------------------------------------------------------------

