nid001378.dogwood.wcoss2.ncep.noaa.gov 0: OOPS_STATS --------------------------- Object counts ----------------------------------------
nid001378.dogwood.wcoss2.ncep.noaa.gov 0: OOPS_STATS ----------------------------------------------------------------------------------
nid001378.dogwood.wcoss2.ncep.noaa.gov 0: OOPS_STATS                                      Total  Simult. Remain    Avg (Mb)    HWM (Mb)
nid001378.dogwood.wcoss2.ncep.noaa.gov 0: OOPS_STATS fv3jedi::Geometry               :        3       3        
nid001378.dogwood.wcoss2.ncep.noaa.gov 0: OOPS_STATS fv3jedi::IOFms                  :       62       1        
nid001378.dogwood.wcoss2.ncep.noaa.gov 0: OOPS_STATS fv3jedi::Increment              :     7849     149        
nid001378.dogwood.wcoss2.ncep.noaa.gov 0: OOPS_STATS fv3jedi::ModelBias              :        5       3        
nid001378.dogwood.wcoss2.ncep.noaa.gov 0: OOPS_STATS fv3jedi::ModelBiasCovariance    :        1       1        
nid001378.dogwood.wcoss2.ncep.noaa.gov 0: OOPS_STATS fv3jedi::State                  :      275      36        
nid001378.dogwood.wcoss2.ncep.noaa.gov 0: OOPS_STATS fv3jedi::VarChaModel2GeoVaLs    :        5       1        
nid001378.dogwood.wcoss2.ncep.noaa.gov 0: OOPS_STATS interpolation::Geometry         :        4       1        
nid001378.dogwood.wcoss2.ncep.noaa.gov 0: OOPS_STATS ioda::ObsDataVector             :      174      12        
nid001378.dogwood.wcoss2.ncep.noaa.gov 0: OOPS_STATS ioda::ObsVector                 :      687      22        
nid001378.dogwood.wcoss2.ncep.noaa.gov 0: OOPS_STATS oops::ControlIncrement          :      441     116                7.27      842.76
nid001378.dogwood.wcoss2.ncep.noaa.gov 0: OOPS_STATS oops::ControlVariable           :        5       3        
nid001378.dogwood.wcoss2.ncep.noaa.gov 0: OOPS_STATS oops::EnsembleCovariance        :        2       2        
nid001378.dogwood.wcoss2.ncep.noaa.gov 0: OOPS_STATS oops::GeoVaLs                   :      621       1        
nid001378.dogwood.wcoss2.ncep.noaa.gov 0: OOPS_STATS oops::Geometry                  :        3       3        
nid001378.dogwood.wcoss2.ncep.noaa.gov 0: OOPS_STATS oops::GetValues                 :       15       6        
nid001378.dogwood.wcoss2.ncep.noaa.gov 0: OOPS_STATS oops::Increment                 :     7337     149                7.20     1082.51
nid001378.dogwood.wcoss2.ncep.noaa.gov 0: OOPS_STATS oops::LinearObsOperator         :        6       3        
nid001378.dogwood.wcoss2.ncep.noaa.gov 0: OOPS_STATS oops::LocalInterpolator         :    29040   11616        
nid001378.dogwood.wcoss2.ncep.noaa.gov 0: OOPS_STATS oops::Localization              :        2       2        
nid001378.dogwood.wcoss2.ncep.noaa.gov 0: OOPS_STATS oops::ModelAuxControl           :        5       3        
nid001378.dogwood.wcoss2.ncep.noaa.gov 0: OOPS_STATS oops::ModelAuxCovariance        :        1       1        
nid001378.dogwood.wcoss2.ncep.noaa.gov 0: OOPS_STATS oops::ModelAuxIncrement         :      441     116        
nid001378.dogwood.wcoss2.ncep.noaa.gov 0: OOPS_STATS oops::ModelData                 :        4       1        
nid001378.dogwood.wcoss2.ncep.noaa.gov 0: OOPS_STATS oops::ObsAuxControl             :       15       9        
nid001378.dogwood.wcoss2.ncep.noaa.gov 0: OOPS_STATS oops::ObsAuxCovariance          :        3       3        
nid001378.dogwood.wcoss2.ncep.noaa.gov 0: OOPS_STATS oops::ObsAuxIncrement           :     1323     348        
nid001378.dogwood.wcoss2.ncep.noaa.gov 0: OOPS_STATS oops::ObsAuxIncrements          :      441     116        
nid001378.dogwood.wcoss2.ncep.noaa.gov 0: OOPS_STATS oops::ObsAuxPreconditioner      :       18       9        
nid001378.dogwood.wcoss2.ncep.noaa.gov 0: OOPS_STATS oops::ObsDataVector             :       15      12        
nid001378.dogwood.wcoss2.ncep.noaa.gov 0: OOPS_STATS oops::ObsDiagnostics            :        9       1        
nid001378.dogwood.wcoss2.ncep.noaa.gov 0: OOPS_STATS oops::ObsError                  :        3       3        
nid001378.dogwood.wcoss2.ncep.noaa.gov 0: OOPS_STATS oops::ObsOperator               :        9       6        
nid001378.dogwood.wcoss2.ncep.noaa.gov 0: OOPS_STATS oops::ObsSpace                  :        3       3        
nid001378.dogwood.wcoss2.ncep.noaa.gov 0: OOPS_STATS oops::ObsSpaces                 :        1       1        
nid001378.dogwood.wcoss2.ncep.noaa.gov 0: OOPS_STATS oops::ObsVector                 :      690      19                0.00        0.00
nid001378.dogwood.wcoss2.ncep.noaa.gov 0: OOPS_STATS oops::SampledLocations          :       42       8        
nid001378.dogwood.wcoss2.ncep.noaa.gov 0: OOPS_STATS oops::State                     :      140      34                8.81      324.86
nid001378.dogwood.wcoss2.ncep.noaa.gov 0: OOPS_STATS oops::UnstructuredInterpolator  :    75504   23232        
nid001378.dogwood.wcoss2.ncep.noaa.gov 0: OOPS_STATS oops::VariableChange            :        5       1        
nid001378.dogwood.wcoss2.ncep.noaa.gov 0: OOPS_STATS saber::ErrorCovariance          :        2       2        
nid001378.dogwood.wcoss2.ncep.noaa.gov 0: OOPS_STATS ufo::BackgroundCheck            :       16      12        
nid001378.dogwood.wcoss2.ncep.noaa.gov 0: OOPS_STATS ufo::BlackList                  :        3       3        
nid001378.dogwood.wcoss2.ncep.noaa.gov 0: OOPS_STATS ufo::GeoVaLs                    :      636       2        
nid001378.dogwood.wcoss2.ncep.noaa.gov 0: OOPS_STATS ufo::ObsBias                    :       15       9        
nid001378.dogwood.wcoss2.ncep.noaa.gov 0: OOPS_STATS ufo::ObsBiasCovariance          :        3       3        
nid001378.dogwood.wcoss2.ncep.noaa.gov 0: OOPS_STATS ufo::ObsBiasPreconditioner      :        6       6        
nid001378.dogwood.wcoss2.ncep.noaa.gov 0: OOPS_STATS ufo::ObsBoundsCheck             :        9       9        
nid001378.dogwood.wcoss2.ncep.noaa.gov 0: OOPS_STATS ufo::ObsDomainCheck             :        3       3        
nid001378.dogwood.wcoss2.ncep.noaa.gov 0: OOPS_STATS ufo::ObsFilter                  :      160      59        
nid001378.dogwood.wcoss2.ncep.noaa.gov 0: OOPS_STATS ufo::ObsFilterData              :       66      56        
nid001378.dogwood.wcoss2.ncep.noaa.gov 0: OOPS_STATS ufo::ObsVertInterp              :        9       6        
nid001378.dogwood.wcoss2.ncep.noaa.gov 0: OOPS_STATS ufo::ObsVertInterpTLAD          :        6       3        
nid001378.dogwood.wcoss2.ncep.noaa.gov 0: OOPS_STATS ufo::PerformAction              :       31      28        
nid001378.dogwood.wcoss2.ncep.noaa.gov 0: OOPS_STATS ufo::QCmanager                  :        9       4        
nid001378.dogwood.wcoss2.ncep.noaa.gov 0: OOPS_STATS ufo::SampledLocations           :       21       7        
nid001378.dogwood.wcoss2.ncep.noaa.gov 0: OOPS_STATS ufo::VariableAssignment         :        4       3        
nid001378.dogwood.wcoss2.ncep.noaa.gov 0: OOPS_STATS ----------------------------- Object counts --------------------------------------
nid001378.dogwood.wcoss2.ncep.noaa.gov 0: OOPS_STATS  
nid001378.dogwood.wcoss2.ncep.noaa.gov 0: OOPS_STATS --------------------------------------------------------------------------------------------
nid001378.dogwood.wcoss2.ncep.noaa.gov 0: OOPS_STATS ------------------------------------ Timing Statistics -------------------------------------
nid001378.dogwood.wcoss2.ncep.noaa.gov 0: OOPS_STATS --------------------------------------------------------------------------------------------
nid001378.dogwood.wcoss2.ncep.noaa.gov 0: OOPS_STATS Name                                                :   total (ms)   count    time/call (ms)
nid001378.dogwood.wcoss2.ncep.noaa.gov 0: OOPS_STATS ObsFilter::Background Check::ObsFilter              :        11.02      16            0.6885
nid001378.dogwood.wcoss2.ncep.noaa.gov 0: OOPS_STATS ObsFilter::Background Check::postFilter             :       215.35      16           13.4596
nid001378.dogwood.wcoss2.ncep.noaa.gov 0: OOPS_STATS ObsFilter::Background Check::preProcess             :         0.28      16            0.0173
nid001378.dogwood.wcoss2.ncep.noaa.gov 0: OOPS_STATS ObsFilter::Background Check::priorFilter            :         0.01      16            0.0006
nid001378.dogwood.wcoss2.ncep.noaa.gov 0: OOPS_STATS ObsFilter::Bounds Check::ObsFilter                  :         1.26       9            0.1401
nid001378.dogwood.wcoss2.ncep.noaa.gov 0: OOPS_STATS ObsFilter::Bounds Check::postFilter                 :         0.00       9            0.0002
nid001378.dogwood.wcoss2.ncep.noaa.gov 0: OOPS_STATS ObsFilter::Bounds Check::preProcess                 :         5.52       9            0.6137
nid001378.dogwood.wcoss2.ncep.noaa.gov 0: OOPS_STATS ObsFilter::Bounds Check::priorFilter                :         0.35       9            0.0389
nid001378.dogwood.wcoss2.ncep.noaa.gov 0: OOPS_STATS ObsFilter::Domain Check::ObsFilter                  :         0.99       3            0.3304
nid001378.dogwood.wcoss2.ncep.noaa.gov 0: OOPS_STATS ObsFilter::Domain Check::postFilter                 :         0.00       3            0.0002
nid001378.dogwood.wcoss2.ncep.noaa.gov 0: OOPS_STATS ObsFilter::Domain Check::preProcess                 :         3.82       3            1.2748
nid001378.dogwood.wcoss2.ncep.noaa.gov 0: OOPS_STATS ObsFilter::Domain Check::priorFilter                :         0.00       3            0.0005
nid001378.dogwood.wcoss2.ncep.noaa.gov 0: OOPS_STATS ObsFilter::Perform Action::ObsFilter                :        20.88      31            0.6734
nid001378.dogwood.wcoss2.ncep.noaa.gov 0: OOPS_STATS ObsFilter::Perform Action::postFilter               :       125.76      31            4.0569
nid001378.dogwood.wcoss2.ncep.noaa.gov 0: OOPS_STATS ObsFilter::Perform Action::preProcess               :       305.91      31            9.8679
nid001378.dogwood.wcoss2.ncep.noaa.gov 0: OOPS_STATS ObsFilter::Perform Action::priorFilter              :       250.28      31            8.0735
nid001378.dogwood.wcoss2.ncep.noaa.gov 0: OOPS_STATS ObsFilter::RejectList::ObsFilter                    :         0.61       3            0.2024
nid001378.dogwood.wcoss2.ncep.noaa.gov 0: OOPS_STATS ObsFilter::RejectList::postFilter                   :         0.00       3            0.0002
nid001378.dogwood.wcoss2.ncep.noaa.gov 0: OOPS_STATS ObsFilter::RejectList::preProcess                   :         1.76       3            0.5861
nid001378.dogwood.wcoss2.ncep.noaa.gov 0: OOPS_STATS ObsFilter::RejectList::priorFilter                  :         0.00       3            0.0006
nid001378.dogwood.wcoss2.ncep.noaa.gov 0: OOPS_STATS ObsFilter::Variable Assignment::ObsFilter           :         7.64       4            1.9108
nid001378.dogwood.wcoss2.ncep.noaa.gov 0: OOPS_STATS ObsFilter::Variable Assignment::postFilter          :        53.86       4           13.4649
nid001378.dogwood.wcoss2.ncep.noaa.gov 0: OOPS_STATS ObsFilter::Variable Assignment::preProcess          :         0.39       4            0.0985
nid001378.dogwood.wcoss2.ncep.noaa.gov 0: OOPS_STATS ObsFilter::Variable Assignment::priorFilter         :         0.54       4            0.1361
nid001378.dogwood.wcoss2.ncep.noaa.gov 0: OOPS_STATS Vader::Vader                                        :       302.50       9           33.6115
nid001378.dogwood.wcoss2.ncep.noaa.gov 0: OOPS_STATS Vader::changeVar                                    :       338.67       5           67.7333
nid001378.dogwood.wcoss2.ncep.noaa.gov 0: OOPS_STATS Vader::changeVarTraj                                :        52.56       4           13.1390
nid001378.dogwood.wcoss2.ncep.noaa.gov 0: OOPS_STATS fv3jedi::IOFms::IOFms                               :       199.51      62            3.2179
nid001378.dogwood.wcoss2.ncep.noaa.gov 0: OOPS_STATS fv3jedi::IOFms::read state                          :    124546.42      61         2041.7445
nid001378.dogwood.wcoss2.ncep.noaa.gov 0: OOPS_STATS fv3jedi::IOFms::write state                         :    108056.02       1       108056.0162
nid001378.dogwood.wcoss2.ncep.noaa.gov 0: OOPS_STATS fv3jedi::IOFms::~IOFms                              :        63.70      62            1.0274
nid001378.dogwood.wcoss2.ncep.noaa.gov 0: OOPS_STATS fv3jedi::LinVarChaC2A::LinVarChaC2A                 :        14.74       2            7.3697
nid001378.dogwood.wcoss2.ncep.noaa.gov 0: OOPS_STATS fv3jedi::LinVarChaC2A::multiply                     :       138.28     102            1.3557
nid001378.dogwood.wcoss2.ncep.noaa.gov 0: OOPS_STATS fv3jedi::LinVarChaC2A::multiplyAD                   :      2101.91     102           20.6069
nid001378.dogwood.wcoss2.ncep.noaa.gov 0: OOPS_STATS fv3jedi::LinVarChaC2A::~LinVarChaC2A                :        12.04       2            6.0189
nid001378.dogwood.wcoss2.ncep.noaa.gov 0: OOPS_STATS fv3jedi::LinVarChaModel2GeoVaLs::LinVarChaModel2Geo :        38.54       2           19.2692
nid001378.dogwood.wcoss2.ncep.noaa.gov 0: OOPS_STATS fv3jedi::LinVarChaModel2GeoVaLs::multiplyAD         :        53.22     102            0.5217
nid001378.dogwood.wcoss2.ncep.noaa.gov 0: OOPS_STATS fv3jedi::LinVarChaModel2GeoVaLs::~LinVarChaModel2Ge :        16.62       2            8.3092
nid001378.dogwood.wcoss2.ncep.noaa.gov 0: OOPS_STATS fv3jedi::VarChaModel2GeoVaLs::VarChaModel2GeoVaLs   :        28.04       5            5.6075
nid001378.dogwood.wcoss2.ncep.noaa.gov 0: OOPS_STATS fv3jedi::VarChaModel2GeoVaLs::changeVar             :       380.36       5           76.0712
nid001378.dogwood.wcoss2.ncep.noaa.gov 0: OOPS_STATS fv3jedi::VarChaModel2GeoVaLs::~VarChaModel2GeoVaLs  :         0.02       5            0.0041
nid001378.dogwood.wcoss2.ncep.noaa.gov 0: OOPS_STATS ioda::ObsSpace::get_db(DateTime)                    :         9.49      21            0.4520
nid001378.dogwood.wcoss2.ncep.noaa.gov 0: OOPS_STATS ioda::ObsSpace::get_db(double)                      :       246.54      23           10.7193
nid001378.dogwood.wcoss2.ncep.noaa.gov 0: OOPS_STATS ioda::ObsSpace::get_db(float)                       :       188.14     148            1.2712
nid001378.dogwood.wcoss2.ncep.noaa.gov 0: OOPS_STATS ioda::ObsSpace::get_db(int)                         :         1.39      50            0.0278
nid001378.dogwood.wcoss2.ncep.noaa.gov 0: OOPS_STATS ioda::ObsSpace::load                                :      1005.71       3          335.2360
nid001378.dogwood.wcoss2.ncep.noaa.gov 0: OOPS_STATS ioda::ObsSpace::put_db(double)                      :         0.50      36            0.0139
nid001378.dogwood.wcoss2.ncep.noaa.gov 0: OOPS_STATS ioda::ObsSpace::put_db(float)                       :        14.91      16            0.9319
nid001378.dogwood.wcoss2.ncep.noaa.gov 0: OOPS_STATS ioda::ObsSpace::put_db(int)                         :       104.94      12            8.7448
nid001378.dogwood.wcoss2.ncep.noaa.gov 0: OOPS_STATS oops::Covariance::EnsembleCovariance                :     78919.67       2        39459.8326
nid001378.dogwood.wcoss2.ncep.noaa.gov 0: OOPS_STATS oops::Covariance::EnsembleCovariance ensemble read  :     73538.13       2        36769.0632
nid001378.dogwood.wcoss2.ncep.noaa.gov 0: OOPS_STATS oops::Covariance::EnsembleCovariance mean removal   :       148.68       2           74.3395
nid001378.dogwood.wcoss2.ncep.noaa.gov 0: OOPS_STATS oops::Covariance::EnsembleCovariance state to incre :       757.28       2          378.6414
nid001378.dogwood.wcoss2.ncep.noaa.gov 0: OOPS_STATS oops::Covariance::HybridCovariance                  :    103948.72       2        51974.3619
nid001378.dogwood.wcoss2.ncep.noaa.gov 0: OOPS_STATS oops::Covariance::SABER::Constructor                :        80.21       2           40.1046
nid001378.dogwood.wcoss2.ncep.noaa.gov 0: OOPS_STATS oops::Covariance::SABER::multiply                   :    110641.90     102         1084.7245
nid001378.dogwood.wcoss2.ncep.noaa.gov 0: OOPS_STATS oops::Covariance::ensemble::Constructor             :         0.02       2            0.0087
nid001378.dogwood.wcoss2.ncep.noaa.gov 0: OOPS_STATS oops::Covariance::ensemble::multiply                :    637574.05     102         6250.7260
nid001378.dogwood.wcoss2.ncep.noaa.gov 0: OOPS_STATS oops::Covariance::hybrid::Constructor               :         0.02       2            0.0093
nid001378.dogwood.wcoss2.ncep.noaa.gov 0: OOPS_STATS oops::Covariance::hybrid::multiply                  :    748829.45     102         7341.4652
nid001378.dogwood.wcoss2.ncep.noaa.gov 0: OOPS_STATS oops::GeoVaLs::GeoVaLs                              :       393.76     621            0.6341
nid001378.dogwood.wcoss2.ncep.noaa.gov 0: OOPS_STATS oops::GeoVaLs::fill                                 :       110.03    2672            0.0412
nid001378.dogwood.wcoss2.ncep.noaa.gov 0: OOPS_STATS oops::GeoVaLs::fillAD                               :         1.18    2448            0.0005
nid001378.dogwood.wcoss2.ncep.noaa.gov 0: OOPS_STATS oops::GeoVaLs::~GeoVaLs                             :         1.07     621            0.0017
nid001378.dogwood.wcoss2.ncep.noaa.gov 0: OOPS_STATS oops::Geometry::Geometry                            :      9046.04       3         3015.3481
nid001378.dogwood.wcoss2.ncep.noaa.gov 0: OOPS_STATS oops::Geometry::variableSizes                       :         0.23      55            0.0042
nid001378.dogwood.wcoss2.ncep.noaa.gov 0: OOPS_STATS oops::Geometry::~Geometry                           :      1006.57       3          335.5223
nid001378.dogwood.wcoss2.ncep.noaa.gov 0: OOPS_STATS oops::GeometryData::containingTriangleAndBarycentri :       350.57   45912            0.0076
nid001378.dogwood.wcoss2.ncep.noaa.gov 0: OOPS_STATS oops::GeometryData::setGlobalTree                   :     93124.06      25         3724.9626
nid001378.dogwood.wcoss2.ncep.noaa.gov 0: OOPS_STATS oops::GeometryData::setLocalTree                    :        42.88      25            1.7153
nid001378.dogwood.wcoss2.ncep.noaa.gov 0: OOPS_STATS oops::GeometryData::setMeshAndTriangulation         :      1803.72      25           72.1488
nid001378.dogwood.wcoss2.ncep.noaa.gov 0: OOPS_STATS oops::GetValues::GetValues                          :      3949.09      15          263.2729
nid001378.dogwood.wcoss2.ncep.noaa.gov 0: OOPS_STATS oops::GetValues::fillGeoVaLs                        :        98.57      15            6.5716
nid001378.dogwood.wcoss2.ncep.noaa.gov 0: OOPS_STATS oops::GetValues::fillGeoVaLsAD                      :       741.44     306            2.4230
nid001378.dogwood.wcoss2.ncep.noaa.gov 0: OOPS_STATS oops::GetValues::fillGeoVaLsTL                      :        45.19     300            0.1506
nid001378.dogwood.wcoss2.ncep.noaa.gov 0: OOPS_STATS oops::GetValues::finalize                           :       734.36      15           48.9572
nid001378.dogwood.wcoss2.ncep.noaa.gov 0: OOPS_STATS oops::GetValues::finalizeAD                         :        15.24     306            0.0498
nid001378.dogwood.wcoss2.ncep.noaa.gov 0: OOPS_STATS oops::GetValues::finalizeTL                         :         7.74     300            0.0258
nid001378.dogwood.wcoss2.ncep.noaa.gov 0: OOPS_STATS oops::GetValues::initialize                         :       727.34      15           48.4893
nid001378.dogwood.wcoss2.ncep.noaa.gov 0: OOPS_STATS oops::GetValues::initializeAD                       :         2.29     306            0.0075
nid001378.dogwood.wcoss2.ncep.noaa.gov 0: OOPS_STATS oops::GetValues::initializeTL                       :        19.27     300            0.0642
nid001378.dogwood.wcoss2.ncep.noaa.gov 0: OOPS_STATS oops::GetValues::process                            :        29.68      15            1.9785
nid001378.dogwood.wcoss2.ncep.noaa.gov 0: OOPS_STATS oops::GetValues::processAD                          :       685.43     306            2.2400
nid001378.dogwood.wcoss2.ncep.noaa.gov 0: OOPS_STATS oops::GetValues::processTL                          :       533.21     300            1.7774
nid001378.dogwood.wcoss2.ncep.noaa.gov 0: OOPS_STATS oops::Increment::Increment                          :      8059.72    7337            1.0985
nid001378.dogwood.wcoss2.ncep.noaa.gov 0: OOPS_STATS oops::Increment::axpy                               :      3257.51    2750            1.1845
nid001378.dogwood.wcoss2.ncep.noaa.gov 0: OOPS_STATS oops::Increment::diff                               :     57293.39      65          881.4368
nid001378.dogwood.wcoss2.ncep.noaa.gov 0: OOPS_STATS oops::Increment::dot_product_with                   :      6014.53    2959            2.0326
nid001378.dogwood.wcoss2.ncep.noaa.gov 0: OOPS_STATS oops::Increment::fromFieldSet                       :     16985.11    3264            5.2038
nid001378.dogwood.wcoss2.ncep.noaa.gov 0: OOPS_STATS oops::Increment::operator*=                         :       375.66     506            0.7424
nid001378.dogwood.wcoss2.ncep.noaa.gov 0: OOPS_STATS oops::Increment::operator+=                         :      3848.59    3726            1.0329
nid001378.dogwood.wcoss2.ncep.noaa.gov 0: OOPS_STATS oops::Increment::operator+=(State, Increment)       :      3023.26       2         1511.6298
nid001378.dogwood.wcoss2.ncep.noaa.gov 0: OOPS_STATS oops::Increment::operator-=                         :        86.88      60            1.4480
nid001378.dogwood.wcoss2.ncep.noaa.gov 0: OOPS_STATS oops::Increment::operator=                          :      3821.32    4311            0.8864
nid001378.dogwood.wcoss2.ncep.noaa.gov 0: OOPS_STATS oops::Increment::print                              :      1623.79      13          124.9071
nid001378.dogwood.wcoss2.ncep.noaa.gov 0: OOPS_STATS oops::Increment::schur_product_with                 :      5274.31    6120            0.8618
nid001378.dogwood.wcoss2.ncep.noaa.gov 0: OOPS_STATS oops::Increment::serialSize                         :         0.26     441            0.0006
nid001378.dogwood.wcoss2.ncep.noaa.gov 0: OOPS_STATS oops::Increment::toFieldSet                         :     12900.47    3364            3.8349
nid001378.dogwood.wcoss2.ncep.noaa.gov 0: OOPS_STATS oops::Increment::zero                               :       243.05     410            0.5928
nid001378.dogwood.wcoss2.ncep.noaa.gov 0: OOPS_STATS oops::Increment::~Increment                         :       139.42    7337            0.0190
nid001378.dogwood.wcoss2.ncep.noaa.gov 0: OOPS_STATS oops::LinearObsOper::aircar_airTemperature_133::Lin :        18.86       2            9.4276
nid001378.dogwood.wcoss2.ncep.noaa.gov 0: OOPS_STATS oops::LinearObsOper::aircar_airTemperature_133::req :         0.00       2            0.0016
nid001378.dogwood.wcoss2.ncep.noaa.gov 0: OOPS_STATS oops::LinearObsOper::aircar_airTemperature_133::set :       383.10       2          191.5486
nid001378.dogwood.wcoss2.ncep.noaa.gov 0: OOPS_STATS oops::LinearObsOper::aircar_airTemperature_133::sim :        52.58     102            0.5155
nid001378.dogwood.wcoss2.ncep.noaa.gov 0: OOPS_STATS oops::LinearObsOper::aircar_airTemperature_133::sim :         2.47     100            0.0247
nid001378.dogwood.wcoss2.ncep.noaa.gov 0: OOPS_STATS oops::LinearObsOper::aircar_airTemperature_133::~Li :        76.53       2           38.2632
nid001378.dogwood.wcoss2.ncep.noaa.gov 0: OOPS_STATS oops::LinearObsOper::aircar_specificHumidity_133::L :         0.08       2            0.0412
nid001378.dogwood.wcoss2.ncep.noaa.gov 0: OOPS_STATS oops::LinearObsOper::aircar_specificHumidity_133::r :         0.00       2            0.0001
nid001378.dogwood.wcoss2.ncep.noaa.gov 0: OOPS_STATS oops::LinearObsOper::aircar_specificHumidity_133::s :         0.17       2            0.0840
nid001378.dogwood.wcoss2.ncep.noaa.gov 0: OOPS_STATS oops::LinearObsOper::aircar_specificHumidity_133::s :         0.17     102            0.0016
nid001378.dogwood.wcoss2.ncep.noaa.gov 0: OOPS_STATS oops::LinearObsOper::aircar_specificHumidity_133::s :         0.26     100            0.0026
nid001378.dogwood.wcoss2.ncep.noaa.gov 0: OOPS_STATS oops::LinearObsOper::aircar_specificHumidity_133::~ :         0.01       2            0.0036
nid001378.dogwood.wcoss2.ncep.noaa.gov 0: OOPS_STATS oops::LinearObsOper::aircar_winds_233::LinearObsOpe :         0.09       2            0.0427
nid001378.dogwood.wcoss2.ncep.noaa.gov 0: OOPS_STATS oops::LinearObsOper::aircar_winds_233::requiredVars :         0.00       2            0.0001
nid001378.dogwood.wcoss2.ncep.noaa.gov 0: OOPS_STATS oops::LinearObsOper::aircar_winds_233::setTrajector :         0.15       2            0.0764
nid001378.dogwood.wcoss2.ncep.noaa.gov 0: OOPS_STATS oops::LinearObsOper::aircar_winds_233::simulateObsA :         0.24     102            0.0023
nid001378.dogwood.wcoss2.ncep.noaa.gov 0: OOPS_STATS oops::LinearObsOper::aircar_winds_233::simulateObsT :         0.30     100            0.0030
nid001378.dogwood.wcoss2.ncep.noaa.gov 0: OOPS_STATS oops::LinearObsOper::aircar_winds_233::~LinearObsOp :         0.00       2            0.0023
nid001378.dogwood.wcoss2.ncep.noaa.gov 0: OOPS_STATS oops::LinearVariableChange::LinearVariableChange    :         2.10       4            0.5254
nid001378.dogwood.wcoss2.ncep.noaa.gov 0: OOPS_STATS oops::LinearVariableChange::changeVarAD             :      4803.84     204           23.5483
nid001378.dogwood.wcoss2.ncep.noaa.gov 0: OOPS_STATS oops::LinearVariableChange::changeVarTL             :      2620.30     202           12.9718
nid001378.dogwood.wcoss2.ncep.noaa.gov 0: OOPS_STATS oops::LinearVariableChange::changeVarTraj           :       149.68       4           37.4192
nid001378.dogwood.wcoss2.ncep.noaa.gov 0: OOPS_STATS oops::LinearVariableChange::~LinearVariableChange   :       164.56       4           41.1407
nid001378.dogwood.wcoss2.ncep.noaa.gov 0: OOPS_STATS oops::LocalInterpolator::LocalInterpolator          :        75.43   29040            0.0026
nid001378.dogwood.wcoss2.ncep.noaa.gov 0: OOPS_STATS oops::LocalInterpolator::apply                      :        13.48   29040            0.0005
nid001378.dogwood.wcoss2.ncep.noaa.gov 0: OOPS_STATS oops::LocalInterpolator::applyAD                    :       381.34  592416            0.0006
nid001378.dogwood.wcoss2.ncep.noaa.gov 0: OOPS_STATS oops::LocalInterpolator::applyTL                    :       233.43  580800            0.0004
nid001378.dogwood.wcoss2.ncep.noaa.gov 0: OOPS_STATS oops::LocalInterpolator::preprocess                 :       618.42     105            5.8897
nid001378.dogwood.wcoss2.ncep.noaa.gov 0: OOPS_STATS oops::LocalInterpolator::preprocessAD               :       604.57     102            5.9271
nid001378.dogwood.wcoss2.ncep.noaa.gov 0: OOPS_STATS oops::LocalInterpolator::~LocalInterpolator         :         6.06   29040            0.0002
nid001378.dogwood.wcoss2.ncep.noaa.gov 0: OOPS_STATS oops::Localization::Localization                    :      4466.80       2         2233.4008
nid001378.dogwood.wcoss2.ncep.noaa.gov 0: OOPS_STATS oops::Localization::multiply                        :    623198.58    3060          203.6597
nid001378.dogwood.wcoss2.ncep.noaa.gov 0: OOPS_STATS oops::Localization::~Localization                   :      2857.83       2         1428.9126
nid001378.dogwood.wcoss2.ncep.noaa.gov 0: OOPS_STATS oops::ModelAuxControl::ModelAuxControl              :         0.01       5            0.0026
nid001378.dogwood.wcoss2.ncep.noaa.gov 0: OOPS_STATS oops::ModelAuxControl::print                        :         0.01       6            0.0010
nid001378.dogwood.wcoss2.ncep.noaa.gov 0: OOPS_STATS oops::ModelAuxControl::~ModelAuxControl             :         0.02       5            0.0042
nid001378.dogwood.wcoss2.ncep.noaa.gov 0: OOPS_STATS oops::ModelAuxCovariance::ModelAuxCovariance        :         0.00       1            0.0043
nid001378.dogwood.wcoss2.ncep.noaa.gov 0: OOPS_STATS oops::ModelAuxCovariance::linearize                 :         0.00       2            0.0003
nid001378.dogwood.wcoss2.ncep.noaa.gov 0: OOPS_STATS oops::ModelAuxCovariance::multiply                  :         0.03     102            0.0003
nid001378.dogwood.wcoss2.ncep.noaa.gov 0: OOPS_STATS oops::ModelAuxCovariance::~ModelAuxCovariance       :         0.00       1            0.0007
nid001378.dogwood.wcoss2.ncep.noaa.gov 0: OOPS_STATS oops::ModelAuxIncrement::ModelAuxIncrement          :         0.23     441            0.0005
nid001378.dogwood.wcoss2.ncep.noaa.gov 0: OOPS_STATS oops::ModelAuxIncrement::axpy                       :         0.63    2750            0.0002
nid001378.dogwood.wcoss2.ncep.noaa.gov 0: OOPS_STATS oops::ModelAuxIncrement::diff                       :         0.00       5            0.0007
nid001378.dogwood.wcoss2.ncep.noaa.gov 0: OOPS_STATS oops::ModelAuxIncrement::dot_product_with           :         0.62    2959            0.0002
nid001378.dogwood.wcoss2.ncep.noaa.gov 0: OOPS_STATS oops::ModelAuxIncrement::operator*=                 :         0.03     198            0.0002
nid001378.dogwood.wcoss2.ncep.noaa.gov 0: OOPS_STATS oops::ModelAuxIncrement::operator+=                 :         0.08     300            0.0003
nid001378.dogwood.wcoss2.ncep.noaa.gov 0: OOPS_STATS oops::ModelAuxIncrement::operator+=ModelAuxControl  :         0.00       2            0.0002
nid001378.dogwood.wcoss2.ncep.noaa.gov 0: OOPS_STATS oops::ModelAuxIncrement::operator=                  :         0.03     108            0.0003
nid001378.dogwood.wcoss2.ncep.noaa.gov 0: OOPS_STATS oops::ModelAuxIncrement::print                      :         0.01      13            0.0008
nid001378.dogwood.wcoss2.ncep.noaa.gov 0: OOPS_STATS oops::ModelAuxIncrement::serialSize                 :         0.02     441            0.0001
nid001378.dogwood.wcoss2.ncep.noaa.gov 0: OOPS_STATS oops::ModelAuxIncrement::zero                       :         0.02     102            0.0002
nid001378.dogwood.wcoss2.ncep.noaa.gov 0: OOPS_STATS oops::ModelAuxIncrement::~ModelAuxIncrement         :         0.15     441            0.0003
nid001378.dogwood.wcoss2.ncep.noaa.gov 0: OOPS_STATS oops::ModelData::ModelData                          :         0.12       4            0.0290
nid001378.dogwood.wcoss2.ncep.noaa.gov 0: OOPS_STATS oops::ModelData::modelData                          :         1.12       4            0.2788
nid001378.dogwood.wcoss2.ncep.noaa.gov 0: OOPS_STATS oops::ModelData::~ModelData                         :         0.02       4            0.0062
nid001378.dogwood.wcoss2.ncep.noaa.gov 0: OOPS_STATS oops::ObsAuxControl::ObsAuxControl                  :         0.29      15            0.0192
nid001378.dogwood.wcoss2.ncep.noaa.gov 0: OOPS_STATS oops::ObsAuxControl::print                          :         0.43      18            0.0237
nid001378.dogwood.wcoss2.ncep.noaa.gov 0: OOPS_STATS oops::ObsAuxControl::requiredHdiagnostics           :         0.00       9            0.0002
nid001378.dogwood.wcoss2.ncep.noaa.gov 0: OOPS_STATS oops::ObsAuxControl::requiredVars                   :         0.01      30            0.0002
nid001378.dogwood.wcoss2.ncep.noaa.gov 0: OOPS_STATS oops::ObsAuxControl::write                          :        86.60       3           28.8653
nid001378.dogwood.wcoss2.ncep.noaa.gov 0: OOPS_STATS oops::ObsAuxControl::~ObsAuxControl                 :        36.59      15            2.4395
nid001378.dogwood.wcoss2.ncep.noaa.gov 0: OOPS_STATS oops::ObsAuxCovariance::ObsAuxCovariance            :         5.87       3            1.9577
nid001378.dogwood.wcoss2.ncep.noaa.gov 0: OOPS_STATS oops::ObsAuxCovariance::inverseMultiply             :         0.30     306            0.0010
nid001378.dogwood.wcoss2.ncep.noaa.gov 0: OOPS_STATS oops::ObsAuxCovariance::linearize                   :       110.54       6           18.4240
nid001378.dogwood.wcoss2.ncep.noaa.gov 0: OOPS_STATS oops::ObsAuxCovariance::multiply                    :       449.58     306            1.4692
nid001378.dogwood.wcoss2.ncep.noaa.gov 0: OOPS_STATS oops::ObsAuxCovariance::preconditioner              :         0.31       6            0.0518
nid001378.dogwood.wcoss2.ncep.noaa.gov 0: OOPS_STATS oops::ObsAuxCovariance::write                       :         6.84       3            2.2790
nid001378.dogwood.wcoss2.ncep.noaa.gov 0: OOPS_STATS oops::ObsAuxCovariance::~ObsAuxCovariance           :         1.06       3            0.3526
nid001378.dogwood.wcoss2.ncep.noaa.gov 0: OOPS_STATS oops::ObsAuxIncrement::ObsAuxIncrement              :       117.97    1323            0.0892
nid001378.dogwood.wcoss2.ncep.noaa.gov 0: OOPS_STATS oops::ObsAuxIncrement::axpy                         :         5.66    8250            0.0007
nid001378.dogwood.wcoss2.ncep.noaa.gov 0: OOPS_STATS oops::ObsAuxIncrement::diff                         :         0.10      15            0.0069
nid001378.dogwood.wcoss2.ncep.noaa.gov 0: OOPS_STATS oops::ObsAuxIncrement::dot_product_with             :        16.07    8877            0.0018
nid001378.dogwood.wcoss2.ncep.noaa.gov 0: OOPS_STATS oops::ObsAuxIncrement::operator*=                   :         0.69     594            0.0012
nid001378.dogwood.wcoss2.ncep.noaa.gov 0: OOPS_STATS oops::ObsAuxIncrement::operator+=                   :         0.88     900            0.0010
nid001378.dogwood.wcoss2.ncep.noaa.gov 0: OOPS_STATS oops::ObsAuxIncrement::operator=                    :        18.79     324            0.0580
nid001378.dogwood.wcoss2.ncep.noaa.gov 0: OOPS_STATS oops::ObsAuxIncrement::print                        :         0.98      39            0.0251
nid001378.dogwood.wcoss2.ncep.noaa.gov 0: OOPS_STATS oops::ObsAuxIncrement::serialSize                   :         0.12    2646            0.0000
nid001378.dogwood.wcoss2.ncep.noaa.gov 0: OOPS_STATS oops::ObsAuxIncrement::zero                         :        17.74     306            0.0580
nid001378.dogwood.wcoss2.ncep.noaa.gov 0: OOPS_STATS oops::ObsAuxIncrement::~ObsAuxIncrement             :         1.66    1323            0.0013
nid001378.dogwood.wcoss2.ncep.noaa.gov 0: OOPS_STATS oops::ObsAuxPreconditioner::multiply                :         0.82     306            0.0027
nid001378.dogwood.wcoss2.ncep.noaa.gov 0: OOPS_STATS oops::ObsAuxPreconditioner::~ObsAuxPreconditioner   :        31.42      18            1.7454
nid001378.dogwood.wcoss2.ncep.noaa.gov 0: OOPS_STATS oops::ObsDataVector::ObsDataVector                  :         0.06      15            0.0039
nid001378.dogwood.wcoss2.ncep.noaa.gov 0: OOPS_STATS oops::ObsDataVector::mask                           :         0.00       9            0.0004
nid001378.dogwood.wcoss2.ncep.noaa.gov 0: OOPS_STATS oops::ObsDataVector::operator=                      :         0.01       9            0.0010
nid001378.dogwood.wcoss2.ncep.noaa.gov 0: OOPS_STATS oops::ObsDataVector::print                          :        16.05       9            1.7830
nid001378.dogwood.wcoss2.ncep.noaa.gov 0: OOPS_STATS oops::ObsDataVector::save                           :       105.14      18            5.8409
nid001378.dogwood.wcoss2.ncep.noaa.gov 0: OOPS_STATS oops::ObsDataVector::~ObsDataVector                 :         0.01      15            0.0007
nid001378.dogwood.wcoss2.ncep.noaa.gov 0: OOPS_STATS oops::ObsDiagnostics::ObsDiagnostics                :         1.43       9            0.1592
nid001378.dogwood.wcoss2.ncep.noaa.gov 0: OOPS_STATS oops::ObsDiagnostics::~ObsDiagnostics               :         0.29       9            0.0327
nid001378.dogwood.wcoss2.ncep.noaa.gov 0: OOPS_STATS oops::ObsError::getRMSE                             :         2.58      18            0.1435
nid001378.dogwood.wcoss2.ncep.noaa.gov 0: OOPS_STATS oops::ObsError::inverseMultiply                     :         0.37     309            0.0012
nid001378.dogwood.wcoss2.ncep.noaa.gov 0: OOPS_STATS oops::ObsError::obserrors                           :        35.89      27            1.3294
nid001378.dogwood.wcoss2.ncep.noaa.gov 0: OOPS_STATS oops::ObsError::update                              :        20.43       9            2.2701
nid001378.dogwood.wcoss2.ncep.noaa.gov 0: OOPS_STATS oops::ObsError::~ObsError                           :        22.86       3            7.6198
nid001378.dogwood.wcoss2.ncep.noaa.gov 0: OOPS_STATS oops::ObsOperator::aircar_airTemperature_133::ObsOp :       105.60       3           35.1988
nid001378.dogwood.wcoss2.ncep.noaa.gov 0: OOPS_STATS oops::ObsOperator::aircar_airTemperature_133::compu :        26.67       5            5.3343
nid001378.dogwood.wcoss2.ncep.noaa.gov 0: OOPS_STATS oops::ObsOperator::aircar_airTemperature_133::locat :       115.08       5           23.0169
nid001378.dogwood.wcoss2.ncep.noaa.gov 0: OOPS_STATS oops::ObsOperator::aircar_airTemperature_133::requi :         0.00       5            0.0008
nid001378.dogwood.wcoss2.ncep.noaa.gov 0: OOPS_STATS oops::ObsOperator::aircar_airTemperature_133::simul :       662.96       3          220.9871
nid001378.dogwood.wcoss2.ncep.noaa.gov 0: OOPS_STATS oops::ObsOperator::aircar_airTemperature_133::~ObsO :        22.51       3            7.5044
nid001378.dogwood.wcoss2.ncep.noaa.gov 0: OOPS_STATS oops::ObsOperator::aircar_specificHumidity_133::Obs :         0.24       3            0.0798
nid001378.dogwood.wcoss2.ncep.noaa.gov 0: OOPS_STATS oops::ObsOperator::aircar_specificHumidity_133::com :         0.05       5            0.0091
nid001378.dogwood.wcoss2.ncep.noaa.gov 0: OOPS_STATS oops::ObsOperator::aircar_specificHumidity_133::loc :         0.43       5            0.0857
nid001378.dogwood.wcoss2.ncep.noaa.gov 0: OOPS_STATS oops::ObsOperator::aircar_specificHumidity_133::req :         0.00       5            0.0004
nid001378.dogwood.wcoss2.ncep.noaa.gov 0: OOPS_STATS oops::ObsOperator::aircar_specificHumidity_133::sim :         0.07       3            0.0225
nid001378.dogwood.wcoss2.ncep.noaa.gov 0: OOPS_STATS oops::ObsOperator::aircar_specificHumidity_133::~Ob :         0.01       3            0.0026
nid001378.dogwood.wcoss2.ncep.noaa.gov 0: OOPS_STATS oops::ObsOperator::aircar_winds_233::ObsOperator    :         0.26       3            0.0859
nid001378.dogwood.wcoss2.ncep.noaa.gov 0: OOPS_STATS oops::ObsOperator::aircar_winds_233::computeReduced :         0.04       5            0.0081
nid001378.dogwood.wcoss2.ncep.noaa.gov 0: OOPS_STATS oops::ObsOperator::aircar_winds_233::locations      :         0.38       5            0.0758
nid001378.dogwood.wcoss2.ncep.noaa.gov 0: OOPS_STATS oops::ObsOperator::aircar_winds_233::requiredVars   :         0.00       5            0.0004
nid001378.dogwood.wcoss2.ncep.noaa.gov 0: OOPS_STATS oops::ObsOperator::aircar_winds_233::simulateObs    :         0.07       3            0.0228
nid001378.dogwood.wcoss2.ncep.noaa.gov 0: OOPS_STATS oops::ObsOperator::aircar_winds_233::~ObsOperator   :         0.01       3            0.0019
nid001378.dogwood.wcoss2.ncep.noaa.gov 0: OOPS_STATS oops::ObsSpace::ObsSpace                            :      1120.78       3          373.5931
nid001378.dogwood.wcoss2.ncep.noaa.gov 0: OOPS_STATS oops::ObsSpace::obsvariables                        :         0.00       9            0.0001
nid001378.dogwood.wcoss2.ncep.noaa.gov 0: OOPS_STATS oops::ObsSpace::save                                :       526.32       3          175.4404
nid001378.dogwood.wcoss2.ncep.noaa.gov 0: OOPS_STATS oops::ObsSpace::~ObsSpace                           :        16.92       3            5.6395
nid001378.dogwood.wcoss2.ncep.noaa.gov 0: OOPS_STATS oops::ObsVector::ObsVector                          :       184.36     681            0.2707
nid001378.dogwood.wcoss2.ncep.noaa.gov 0: OOPS_STATS oops::ObsVector::dot_product                        :         0.86      18            0.0479
nid001378.dogwood.wcoss2.ncep.noaa.gov 0: OOPS_STATS oops::ObsVector::info                               :        62.32      27            2.3082
nid001378.dogwood.wcoss2.ncep.noaa.gov 0: OOPS_STATS oops::ObsVector::operator*=                         :         0.00       9            0.0005
nid001378.dogwood.wcoss2.ncep.noaa.gov 0: OOPS_STATS oops::ObsVector::operator-=                         :         0.01       9            0.0006
nid001378.dogwood.wcoss2.ncep.noaa.gov 0: OOPS_STATS oops::ObsVector::operator=                          :         0.92      18            0.0512
nid001378.dogwood.wcoss2.ncep.noaa.gov 0: OOPS_STATS oops::ObsVector::rms                                :         1.28      18            0.0711
nid001378.dogwood.wcoss2.ncep.noaa.gov 0: OOPS_STATS oops::ObsVector::save                               :         0.54      27            0.0202
nid001378.dogwood.wcoss2.ncep.noaa.gov 0: OOPS_STATS oops::ObsVector::zero                               :         4.68     309            0.0151
nid001378.dogwood.wcoss2.ncep.noaa.gov 0: OOPS_STATS oops::ObsVector::~ObsVector                         :         1.94     681            0.0029
nid001378.dogwood.wcoss2.ncep.noaa.gov 0: OOPS_STATS oops::Parameters::deserialize                       :      1819.28     348            5.2278
nid001378.dogwood.wcoss2.ncep.noaa.gov 0: OOPS_STATS oops::Parameters::serialize                         :        28.39     589            0.0482
nid001378.dogwood.wcoss2.ncep.noaa.gov 0: OOPS_STATS oops::Run::execute                                  :   1161708.77       1      1161708.7661
nid001378.dogwood.wcoss2.ncep.noaa.gov 0: OOPS_STATS oops::SampledLocations::SampledLocations            :         0.01      21            0.0003
nid001378.dogwood.wcoss2.ncep.noaa.gov 0: OOPS_STATS oops::SampledLocations::latitudes                   :         0.00      15            0.0001
nid001378.dogwood.wcoss2.ncep.noaa.gov 0: OOPS_STATS oops::SampledLocations::longitudes                  :         0.00      15            0.0001
nid001378.dogwood.wcoss2.ncep.noaa.gov 0: OOPS_STATS oops::SampledLocations::times                       :         0.00      15            0.0001
nid001378.dogwood.wcoss2.ncep.noaa.gov 0: OOPS_STATS oops::SampledLocations::~SampledLocations           :       106.24      42            2.5294
nid001378.dogwood.wcoss2.ncep.noaa.gov 0: OOPS_STATS oops::State::State                                  :    158709.31     140         1133.6379
nid001378.dogwood.wcoss2.ncep.noaa.gov 0: OOPS_STATS oops::State::print                                  :       102.21       6           17.0345
nid001378.dogwood.wcoss2.ncep.noaa.gov 0: OOPS_STATS oops::State::toFieldSet                             :       111.17      12            9.2644
nid001378.dogwood.wcoss2.ncep.noaa.gov 0: OOPS_STATS oops::State::variables                              :         0.00     116            0.0000
nid001378.dogwood.wcoss2.ncep.noaa.gov 0: OOPS_STATS oops::State::write                                  :    108373.02       1       108373.0227
nid001378.dogwood.wcoss2.ncep.noaa.gov 0: OOPS_STATS oops::State::zero                                   :        14.73      60            0.2456
nid001378.dogwood.wcoss2.ncep.noaa.gov 0: OOPS_STATS oops::State::~State                                 :        15.04     140            0.1074
nid001378.dogwood.wcoss2.ncep.noaa.gov 0: OOPS_STATS oops::UnstructuredInterpolator::UnstructuredInterpo :      7099.87   75504            0.0940
nid001378.dogwood.wcoss2.ncep.noaa.gov 0: OOPS_STATS oops::UnstructuredInterpolator::apply               :       475.28 6774064            0.0001
nid001378.dogwood.wcoss2.ncep.noaa.gov 0: OOPS_STATS oops::UnstructuredInterpolator::applyAD             :       255.17 6714048            0.0000
nid001378.dogwood.wcoss2.ncep.noaa.gov 0: OOPS_STATS oops::VariableChange::VariableChange                :      1170.63       5          234.1255
nid001378.dogwood.wcoss2.ncep.noaa.gov 0: OOPS_STATS oops::VariableChange::changeVar                     :       977.59       5          195.5178
nid001378.dogwood.wcoss2.ncep.noaa.gov 0: OOPS_STATS oops::VariableChange::~VariableChange               :         1.25       5            0.2492
nid001378.dogwood.wcoss2.ncep.noaa.gov 0: OOPS_STATS saber::ErrorCovariance::ErrorCovariance             :     24948.32       2        12474.1611
nid001378.dogwood.wcoss2.ncep.noaa.gov 0: OOPS_STATS saber::ErrorCovariance::doMultiply                  :    103899.83     102         1018.6258
nid001378.dogwood.wcoss2.ncep.noaa.gov 0: OOPS_STATS saber::ErrorCovariance::~ErrorCovariance            :         0.00       2            0.0002
nid001378.dogwood.wcoss2.ncep.noaa.gov 0: OOPS_STATS saber::Localization::Localization                   :      4466.76       2         2233.3801
nid001378.dogwood.wcoss2.ncep.noaa.gov 0: OOPS_STATS saber::Localization::multiply                       :    619384.39    3060          202.4132
nid001378.dogwood.wcoss2.ncep.noaa.gov 0: OOPS_STATS saber::Localization::~Localization                  :         0.00       2            0.0004
nid001378.dogwood.wcoss2.ncep.noaa.gov 0: OOPS_STATS saber::gsi::StaticCovariance::multiply              :     96655.47     102          947.6026
nid001378.dogwood.wcoss2.ncep.noaa.gov 0: OOPS_STATS saber::gsi::StaticCovariance::~StaticCovariance     :        92.58       2           46.2886
nid001378.dogwood.wcoss2.ncep.noaa.gov 0: OOPS_STATS saber::mgbf::Covariance::Covariance                 :       896.58       2          448.2910
nid001378.dogwood.wcoss2.ncep.noaa.gov 0: OOPS_STATS saber::mgbf::Covariance::multiply                   :    413755.32    3060          135.2142
nid001378.dogwood.wcoss2.ncep.noaa.gov 0: OOPS_STATS saber::mgbf::Covariance::~Covariance                :      2788.45       2         1394.2264
nid001378.dogwood.wcoss2.ncep.noaa.gov 0: OOPS_STATS ufo::ObsFilter::ObsFilter                           :        42.95      66            0.6507
nid001378.dogwood.wcoss2.ncep.noaa.gov 0: OOPS_STATS ufo::ObsFilter::checkFilterData                     :         0.09     198            0.0004
nid001378.dogwood.wcoss2.ncep.noaa.gov 0: OOPS_STATS ufo::ObsFilter::postFilter                          :       395.02      66            5.9852
nid001378.dogwood.wcoss2.ncep.noaa.gov 0: OOPS_STATS ufo::ObsFilter::preProcess                          :       317.72      66            4.8140
nid001378.dogwood.wcoss2.ncep.noaa.gov 0: OOPS_STATS ufo::ObsFilter::priorFilter                         :       251.24      66            3.8067
nid001378.dogwood.wcoss2.ncep.noaa.gov 0: OOPS_STATS ufo::ObsFilter::~ObsFilter                          :         4.34     160            0.0271
nid001378.dogwood.wcoss2.ncep.noaa.gov 0: OOPS_STATS util::Timers::measured                              :   1159905.18       1      1159905.1798
nid001378.dogwood.wcoss2.ncep.noaa.gov 0: OOPS_STATS ------------------------------------ Timing Statistics -------------------------------------
nid001378.dogwood.wcoss2.ncep.noaa.gov 0: 
nid001378.dogwood.wcoss2.ncep.noaa.gov 0: OOPS_STATS ------------------------------------------------------------------------------------------------------------------
nid001378.dogwood.wcoss2.ncep.noaa.gov 0: OOPS_STATS ---------------------------------- Parallel Timing Statistics (1936 MPI tasks) -----------------------------------
nid001378.dogwood.wcoss2.ncep.noaa.gov 0: OOPS_STATS ------------------------------------------------------------------------------------------------------------------
nid001378.dogwood.wcoss2.ncep.noaa.gov 0: OOPS_STATS Name                                                :     min (ms)    max (ms)    avg (ms)     % total   imbal (%)
nid001378.dogwood.wcoss2.ncep.noaa.gov 0: OOPS_STATS oops::Covariance::EnsembleCovariance                :     78345.24    79682.61    79336.46        6.83        1.69
nid001378.dogwood.wcoss2.ncep.noaa.gov 0: OOPS_STATS oops::Covariance::EnsembleCovariance ensemble read  :     72773.99    74110.75    73769.48        6.35        1.81
nid001378.dogwood.wcoss2.ncep.noaa.gov 0: OOPS_STATS oops::Covariance::HybridCovariance                  :    103944.08   103949.20   103946.22        8.95        0.00
nid001378.dogwood.wcoss2.ncep.noaa.gov 0: OOPS_STATS oops::Covariance::SABER::multiply                   :    110616.87   110788.08   110704.38        9.53        0.15
nid001378.dogwood.wcoss2.ncep.noaa.gov 0: OOPS_STATS oops::Covariance::ensemble::multiply                :    637009.69   639044.65   638231.35       54.94        0.32
nid001378.dogwood.wcoss2.ncep.noaa.gov 0: OOPS_STATS oops::Covariance::hybrid::multiply                  :    748323.28   750386.60   749557.44       64.52        0.28
nid001378.dogwood.wcoss2.ncep.noaa.gov 0: OOPS_STATS oops::Geometry::Geometry                            :      8996.84     9142.10     9098.88        0.78        1.60
nid001378.dogwood.wcoss2.ncep.noaa.gov 0: OOPS_STATS oops::GeometryData::setGlobalTree                   :     90279.90    93703.25    91223.69        7.85        3.75
nid001378.dogwood.wcoss2.ncep.noaa.gov 0: OOPS_STATS oops::GeometryData::setMeshAndTriangulation         :      1730.43     1816.02     1769.83        0.15        4.84
nid001378.dogwood.wcoss2.ncep.noaa.gov 0: OOPS_STATS oops::GetValues::GetValues                          :      3941.00     5436.31     5339.56        0.46       28.00
nid001378.dogwood.wcoss2.ncep.noaa.gov 0: OOPS_STATS oops::Increment::Increment                          :      6180.99     9071.66     7624.62        0.66       37.91
nid001378.dogwood.wcoss2.ncep.noaa.gov 0: OOPS_STATS oops::Increment::axpy                               :      2334.59     3257.51     2569.14        0.22       35.92
nid001378.dogwood.wcoss2.ncep.noaa.gov 0: OOPS_STATS oops::Increment::diff                               :     56807.25    58777.97    57629.24        4.96        3.42
nid001378.dogwood.wcoss2.ncep.noaa.gov 0: OOPS_STATS oops::Increment::dot_product_with                   :      5207.84     8475.24     6595.36        0.57       49.54
nid001378.dogwood.wcoss2.ncep.noaa.gov 0: OOPS_STATS oops::Increment::fromFieldSet                       :     15506.59    18552.38    17065.31        1.47       17.85
nid001378.dogwood.wcoss2.ncep.noaa.gov 0: OOPS_STATS oops::Increment::operator+=                         :      3060.33     5096.32     4039.91        0.35       50.40
nid001378.dogwood.wcoss2.ncep.noaa.gov 0: OOPS_STATS oops::Increment::operator+=(State, Increment)       :      3018.42     3094.06     3082.26        0.27        2.45
nid001378.dogwood.wcoss2.ncep.noaa.gov 0: OOPS_STATS oops::Increment::operator=                          :      2638.20     4745.00     3786.36        0.33       55.64
nid001378.dogwood.wcoss2.ncep.noaa.gov 0: OOPS_STATS oops::Increment::print                              :       936.90     1911.83     1797.33        0.15       54.24
nid001378.dogwood.wcoss2.ncep.noaa.gov 0: OOPS_STATS oops::Increment::schur_product_with                 :      4300.13     7444.22     6223.65        0.54       50.52
nid001378.dogwood.wcoss2.ncep.noaa.gov 0: OOPS_STATS oops::Increment::toFieldSet                         :     11015.57    14761.19    12356.86        1.06       30.31
nid001378.dogwood.wcoss2.ncep.noaa.gov 0: OOPS_STATS oops::LinearVariableChange::changeVarAD             :      4583.04     4922.06     4775.00        0.41        7.10
nid001378.dogwood.wcoss2.ncep.noaa.gov 0: OOPS_STATS oops::LinearVariableChange::changeVarTL             :       872.96     2831.15     1676.56        0.14      116.80
nid001378.dogwood.wcoss2.ncep.noaa.gov 0: OOPS_STATS oops::Localization::Localization                    :      4450.02     4833.86     4756.63        0.41        8.07
nid001378.dogwood.wcoss2.ncep.noaa.gov 0: OOPS_STATS oops::Localization::multiply                        :    619910.47   626208.80   622857.70       53.62        1.01
nid001378.dogwood.wcoss2.ncep.noaa.gov 0: OOPS_STATS oops::Localization::~Localization                   :      2856.50     3504.28     3405.79        0.29       19.02
nid001378.dogwood.wcoss2.ncep.noaa.gov 0: OOPS_STATS oops::State::State                                  :    157880.35   159579.11   158949.15       13.68        1.07
nid001378.dogwood.wcoss2.ncep.noaa.gov 0: OOPS_STATS oops::State::write                                  :    107793.56   108379.14   107810.14        9.28        0.54
nid001378.dogwood.wcoss2.ncep.noaa.gov 0: OOPS_STATS oops::UnstructuredInterpolator::apply               :       387.34    14726.24    11179.19        0.96      128.26
nid001378.dogwood.wcoss2.ncep.noaa.gov 0: OOPS_STATS oops::UnstructuredInterpolator::applyAD             :       227.99    11190.05     8748.50        0.75      125.30
nid001378.dogwood.wcoss2.ncep.noaa.gov 0: OOPS_STATS saber::ErrorCovariance::ErrorCovariance             :     24185.78    25523.71    24532.07        2.11        5.45
nid001378.dogwood.wcoss2.ncep.noaa.gov 0: OOPS_STATS saber::ErrorCovariance::doMultiply                  :    103835.36   105734.83   104912.84        9.03        1.81
nid001378.dogwood.wcoss2.ncep.noaa.gov 0: OOPS_STATS saber::Localization::Localization                   :      4449.99     4833.83     4756.61        0.41        8.07
nid001378.dogwood.wcoss2.ncep.noaa.gov 0: OOPS_STATS saber::Localization::multiply                       :    615935.68   623234.26   619158.18       53.30        1.18
nid001378.dogwood.wcoss2.ncep.noaa.gov 0: OOPS_STATS saber::gsi::StaticCovariance::multiply              :     96190.34    96698.65    96418.42        8.30        0.53
nid001378.dogwood.wcoss2.ncep.noaa.gov 0: OOPS_STATS saber::mgbf::Covariance::multiply                   :    405979.41   420716.44   411905.62       35.46        3.58
nid001378.dogwood.wcoss2.ncep.noaa.gov 0: OOPS_STATS saber::mgbf::Covariance::~Covariance                :      2788.16     3366.75     3320.46        0.29       17.42
nid001378.dogwood.wcoss2.ncep.noaa.gov 0: OOPS_STATS util::Timers::measured                              :   1158557.85  1160641.82  1159377.54       99.80        0.18
nid001378.dogwood.wcoss2.ncep.noaa.gov 0: OOPS_STATS oops::Run::execute                                  :   1161573.22  1161779.40  1161702.06      100.00        0.02
nid001378.dogwood.wcoss2.ncep.noaa.gov 0: OOPS_STATS ---------------------------------- Parallel Timing Statistics (1936 MPI tasks) -----------------------------------
nid001378.dogwood.wcoss2.ncep.noaa.gov 0: 
nid001378.dogwood.wcoss2.ncep.noaa.gov 0: OOPS_STATS Run end                                  - Runtime:   1228.92 sec,  Memory: total: 13370.44 GB, per task: min =     6.63 GB, max =    15.46 GB
nid001378.dogwood.wcoss2.ncep.noaa.gov 0: Run: Finishing oops::Variational<FV3JEDI, UFO and IODA observations> with status = 0
nid001378.dogwood.wcoss2.ncep.noaa.gov 0: OOPS Ending   2026-07-28 17:03:28 (UTC+0000)
PBS: Running epilogue on parent mom node: nid001378...
nid003169: hostfile_replace_entries: link /root/.ssh/known_hosts to /root/.ssh/known_hosts.old: File exists
nid003169: update_known_hosts: hostfile_replace_entries failed for /root/.ssh/known_hosts: File exists
nid003182: hostfile_replace_entries: link /root/.ssh/known_hosts to /root/.ssh/known_hosts.old: File exists
nid003182: update_known_hosts: hostfile_replace_entries failed for /root/.ssh/known_hosts: File exists
nid003135: hostfile_replace_entries: link /root/.ssh/known_hosts to /root/.ssh/known_hosts.old: File exists
nid003135: update_known_hosts: hostfile_replace_entries failed for /root/.ssh/known_hosts: File exists
nid003154: hostfile_replace_entries: link /root/.ssh/known_hosts to /root/.ssh/known_hosts.old: File exists
nid003154: update_known_hosts: hostfile_replace_entries failed for /root/.ssh/known_hosts: File exists
nid003174: hostfile_replace_entries: link /root/.ssh/known_hosts to /root/.ssh/known_hosts.old: File exists
nid003174: update_known_hosts: hostfile_replace_entries failed for /root/.ssh/known_hosts: File exists
nid003158: hostfile_replace_entries: link /root/.ssh/known_hosts to /root/.ssh/known_hosts.old: File exists
nid003158: update_known_hosts: hostfile_replace_entries failed for /root/.ssh/known_hosts: File exists
##### Job 132130728.dbqs01 - PBS Job Script:
(Note: Duplicate #PBS entries are a function how PBS interprets and caches the original job script.)

#!/bin/bash
#PBS -A RRFS-DEV
#PBS -q dev
#PBS -l walltime=01:45:00
#PBS -l select=62:mpiprocs=128:ncpus=128
#PBS -l place=vscatter:exclhost
#PBS -N deb-hyb-vdl_v1-mpi_v1-node62-p1936 
##PBS -l debug=true
#PBS -j oe -o deb-hyb-vdl_dbz-mpi_v1-node62-p1936.log


#/lfs/h2/emc/da/noscrub/Shun.Liu/rrfs/testD/ufs-srweather-app/regional_workflow/ush/load_modules_run_task.sh run_anal_gsi /lfs/h2/emc/da/noscrub/Shun.Liu/rrfs/testD/ufs-srweather-app/regional_workflow/jobs/JREGIONAL_RUN_ANAL

#source /lfs/h2/emc/lam/noscrub/emc.lam/rrfs/v0.6.9/ufs-srweather-app/env/build_wcoss2_intel.env
moduledir="/lfs/h2/emc/da/noscrub/Ting.Lei/dr-rdasapp/RDASApp/modulefiles"
module use $moduledir
module load RDAS/wcoss2.intel
export LD_LIBRARY_PATH="${LD_LIBRARY_PATH}:/opt/cray/pe/mpich/8.1.19/ofi/intel/19.0/lib"


ulimit -s unlimited
ulimit -a

echo "start time:"
date


#rundir=/lfs/h2/emc/ptmp/emc.lam/Shun.Liu/anal_conv_gsi_spinup
rundir=/lfs/h2/emc/da/noscrub/Ting.Lei/dr-NA-Ens3Dvar-MGBF/fv3_2024052700_nadomain

cd $rundir

export OMP_NUM_THREADS=1
export OMP_PLACES=cores
export OMP_PROC_BIND=close
export OMP_STACKSIZE=1G
export MPICH_ALLTOALLV_THROTTLE=484
#last_run=$(ls nodiagwrt_nosat_stdout.* 2>/dev/null | sort -n -t. -k 2 | tail -1)

EXEC=/lfs/h2/emc/da/noscrub/Ting.Lei/dr-jedi-bundle-dev/jedi-bundle/build/bin/fv3jedi_var.x
export JEDI_LIBS="/lfs/h2/emc/da/noscrub/Ting.Lei/dr-jedi-bundle-dev/jedi-bundle/build/lib64:/lfs/h2/emc/da/noscrub/Ting.Lei/dr-jedi-bundle-dev/jedi-bundle/build/lib"
# add subproject libs if present:
# JEDI_LIBS="$JEDI_LIBS:/lfs/.../oops/build/lib64:/lfs/.../saber/build/lib64:/lfs/.../ufo/build/lib64"

# include MKL/compiler runtimes if you linked them:
module load intel-oneapi-mkl intel-oneapi-compiler  # or whatever sets MKLROOT
export LD_LIBRARY_PATH="$JEDI_LIBS:$MKLROOT/lib/intel64:$LD_LIBRARY_PATH"
export MPICH_OFI_STARTUP_CONNECT=1


# make sure mpiexec propagates env (Hydra/PALS understands -env or -genv):
mpiexec  -l --line-buffer  -n 1936 -ppn 32 --cpu-bind core --depth 4 --label \
  -env LD_LIBRARY_PATH "$LD_LIBRARY_PATH" \
  $EXEC \
   deb-hyb-vdl_dbz-p1936.yaml   deb-hyb-vdl_dbz-p1936-mpi-v1.out
exit


##### End of job script
------------------------------------------------------------------

