nid001029.dogwood.wcoss2.ncep.noaa.gov 0: OOPS_STATS ------------------------------------ Timing Statistics -------------------------------------
nid001029.dogwood.wcoss2.ncep.noaa.gov 0: OOPS_STATS --------------------------------------------------------------------------------------------
nid001029.dogwood.wcoss2.ncep.noaa.gov 0: OOPS_STATS Name                                                :   total (ms)   count    time/call (ms)
nid001029.dogwood.wcoss2.ncep.noaa.gov 0: OOPS_STATS ObsFilter::Background Check::ObsFilter              :         1.36      16            0.0847
nid001029.dogwood.wcoss2.ncep.noaa.gov 0: OOPS_STATS ObsFilter::Background Check::postFilter             :        32.01      16            2.0003
nid001029.dogwood.wcoss2.ncep.noaa.gov 0: OOPS_STATS ObsFilter::Background Check::preProcess             :         0.25      16            0.0154
nid001029.dogwood.wcoss2.ncep.noaa.gov 0: OOPS_STATS ObsFilter::Background Check::priorFilter            :         0.01      16            0.0005
nid001029.dogwood.wcoss2.ncep.noaa.gov 0: OOPS_STATS ObsFilter::Bounds Check::ObsFilter                  :         1.58       9            0.1752
nid001029.dogwood.wcoss2.ncep.noaa.gov 0: OOPS_STATS ObsFilter::Bounds Check::postFilter                 :         0.00       9            0.0002
nid001029.dogwood.wcoss2.ncep.noaa.gov 0: OOPS_STATS ObsFilter::Bounds Check::preProcess                 :         5.31       9            0.5899
nid001029.dogwood.wcoss2.ncep.noaa.gov 0: OOPS_STATS ObsFilter::Bounds Check::priorFilter                :         0.29       9            0.0325
nid001029.dogwood.wcoss2.ncep.noaa.gov 0: OOPS_STATS ObsFilter::Domain Check::ObsFilter                  :         0.56       3            0.1870
nid001029.dogwood.wcoss2.ncep.noaa.gov 0: OOPS_STATS ObsFilter::Domain Check::postFilter                 :         0.00       3            0.0002
nid001029.dogwood.wcoss2.ncep.noaa.gov 0: OOPS_STATS ObsFilter::Domain Check::preProcess                 :         5.19       3            1.7297
nid001029.dogwood.wcoss2.ncep.noaa.gov 0: OOPS_STATS ObsFilter::Domain Check::priorFilter                :         0.00       3            0.0004
nid001029.dogwood.wcoss2.ncep.noaa.gov 0: OOPS_STATS ObsFilter::Perform Action::ObsFilter                :         5.29      31            0.1707
nid001029.dogwood.wcoss2.ncep.noaa.gov 0: OOPS_STATS ObsFilter::Perform Action::postFilter               :       253.69      31            8.1835
nid001029.dogwood.wcoss2.ncep.noaa.gov 0: OOPS_STATS ObsFilter::Perform Action::preProcess               :       751.28      31           24.2349
nid001029.dogwood.wcoss2.ncep.noaa.gov 0: OOPS_STATS ObsFilter::Perform Action::priorFilter              :       336.83      31           10.8654
nid001029.dogwood.wcoss2.ncep.noaa.gov 0: OOPS_STATS ObsFilter::RejectList::ObsFilter                    :         0.58       3            0.1937
nid001029.dogwood.wcoss2.ncep.noaa.gov 0: OOPS_STATS ObsFilter::RejectList::postFilter                   :         0.00       3            0.0002
nid001029.dogwood.wcoss2.ncep.noaa.gov 0: OOPS_STATS ObsFilter::RejectList::preProcess                   :         1.67       3            0.5581
nid001029.dogwood.wcoss2.ncep.noaa.gov 0: OOPS_STATS ObsFilter::RejectList::priorFilter                  :         0.00       3            0.0005
nid001029.dogwood.wcoss2.ncep.noaa.gov 0: OOPS_STATS ObsFilter::Variable Assignment::ObsFilter           :         1.32       4            0.3293
nid001029.dogwood.wcoss2.ncep.noaa.gov 0: OOPS_STATS ObsFilter::Variable Assignment::postFilter          :        39.52       4            9.8800
nid001029.dogwood.wcoss2.ncep.noaa.gov 0: OOPS_STATS ObsFilter::Variable Assignment::preProcess          :         0.37       4            0.0932
nid001029.dogwood.wcoss2.ncep.noaa.gov 0: OOPS_STATS ObsFilter::Variable Assignment::priorFilter         :         0.01       4            0.0018
nid001029.dogwood.wcoss2.ncep.noaa.gov 0: OOPS_STATS Vader::Vader                                        :       458.34       9           50.9266
nid001029.dogwood.wcoss2.ncep.noaa.gov 0: OOPS_STATS Vader::changeVar                                    :        46.60       5            9.3207
nid001029.dogwood.wcoss2.ncep.noaa.gov 0: OOPS_STATS Vader::changeVarTraj                                :        44.71       4           11.1776
nid001029.dogwood.wcoss2.ncep.noaa.gov 0: OOPS_STATS fv3jedi::IOFms::IOFms                               :        15.03      62            0.2424
nid001029.dogwood.wcoss2.ncep.noaa.gov 0: OOPS_STATS fv3jedi::IOFms::read state                          :     39504.92      61          647.6216
nid001029.dogwood.wcoss2.ncep.noaa.gov 0: OOPS_STATS fv3jedi::IOFms::write state                         :      8780.76       1         8780.7564
nid001029.dogwood.wcoss2.ncep.noaa.gov 0: OOPS_STATS fv3jedi::IOFms::~IOFms                              :         0.52      62            0.0083
nid001029.dogwood.wcoss2.ncep.noaa.gov 0: OOPS_STATS fv3jedi::LinVarChaC2A::LinVarChaC2A                 :        12.31       2            6.1551
nid001029.dogwood.wcoss2.ncep.noaa.gov 0: OOPS_STATS fv3jedi::LinVarChaC2A::multiply                     :       142.66     102            1.3986
nid001029.dogwood.wcoss2.ncep.noaa.gov 0: OOPS_STATS fv3jedi::LinVarChaC2A::multiplyAD                   :      2041.61     102           20.0158
nid001029.dogwood.wcoss2.ncep.noaa.gov 0: OOPS_STATS fv3jedi::LinVarChaC2A::~LinVarChaC2A                :         0.30       2            0.1515
nid001029.dogwood.wcoss2.ncep.noaa.gov 0: OOPS_STATS fv3jedi::LinVarChaModel2GeoVaLs::LinVarChaModel2Geo :         4.11       2            2.0540
nid001029.dogwood.wcoss2.ncep.noaa.gov 0: OOPS_STATS fv3jedi::LinVarChaModel2GeoVaLs::multiplyAD         :        55.84     102            0.5475
nid001029.dogwood.wcoss2.ncep.noaa.gov 0: OOPS_STATS fv3jedi::LinVarChaModel2GeoVaLs::~LinVarChaModel2Ge :         0.43       2            0.2175
nid001029.dogwood.wcoss2.ncep.noaa.gov 0: OOPS_STATS fv3jedi::VarChaModel2GeoVaLs::VarChaModel2GeoVaLs   :         0.92       5            0.1849
nid001029.dogwood.wcoss2.ncep.noaa.gov 0: OOPS_STATS fv3jedi::VarChaModel2GeoVaLs::changeVar             :       375.36       5           75.0722
nid001029.dogwood.wcoss2.ncep.noaa.gov 0: OOPS_STATS fv3jedi::VarChaModel2GeoVaLs::~VarChaModel2GeoVaLs  :         0.02       5            0.0038
nid001029.dogwood.wcoss2.ncep.noaa.gov 0: OOPS_STATS ioda::ObsSpace::get_db(DateTime)                    :         0.48      21            0.0231
nid001029.dogwood.wcoss2.ncep.noaa.gov 0: OOPS_STATS ioda::ObsSpace::get_db(double)                      :         0.29      23            0.0128
nid001029.dogwood.wcoss2.ncep.noaa.gov 0: OOPS_STATS ioda::ObsSpace::get_db(float)                       :         1.48     148            0.0100
nid001029.dogwood.wcoss2.ncep.noaa.gov 0: OOPS_STATS ioda::ObsSpace::get_db(int)                         :         0.35      50            0.0069
nid001029.dogwood.wcoss2.ncep.noaa.gov 0: OOPS_STATS ioda::ObsSpace::load                                :      1167.58       3          389.1932
nid001029.dogwood.wcoss2.ncep.noaa.gov 0: OOPS_STATS ioda::ObsSpace::put_db(double)                      :         0.43      36            0.0120
nid001029.dogwood.wcoss2.ncep.noaa.gov 0: OOPS_STATS ioda::ObsSpace::put_db(float)                       :         0.22      16            0.0140
nid001029.dogwood.wcoss2.ncep.noaa.gov 0: OOPS_STATS ioda::ObsSpace::put_db(int)                         :         0.37      12            0.0306
nid001029.dogwood.wcoss2.ncep.noaa.gov 0: OOPS_STATS oops::Covariance::EnsembleCovariance                :    184398.64       2        92199.3198
nid001029.dogwood.wcoss2.ncep.noaa.gov 0: OOPS_STATS oops::Covariance::EnsembleCovariance mean removal   :       151.63       2           75.8159
nid001029.dogwood.wcoss2.ncep.noaa.gov 0: OOPS_STATS oops::Covariance::EnsembleCovariance native ensembl :     38250.83       2        19125.4163
nid001029.dogwood.wcoss2.ncep.noaa.gov 0: OOPS_STATS oops::Covariance::EnsembleCovariance native geometr :      3060.10       2         1530.0494
nid001029.dogwood.wcoss2.ncep.noaa.gov 0: OOPS_STATS oops::Covariance::EnsembleCovariance resolution con :    138452.02       2        69226.0106
nid001029.dogwood.wcoss2.ncep.noaa.gov 0: OOPS_STATS oops::Covariance::EnsembleCovariance state to incre :       718.78       2          359.3902
nid001029.dogwood.wcoss2.ncep.noaa.gov 0: OOPS_STATS oops::Covariance::HybridCovariance                  :    211605.49       2       105802.7438
nid001029.dogwood.wcoss2.ncep.noaa.gov 0: OOPS_STATS oops::Covariance::SABER::Constructor                :        83.17       2           41.5871
nid001029.dogwood.wcoss2.ncep.noaa.gov 0: OOPS_STATS oops::Covariance::SABER::multiply                   :    110136.24     102         1079.7670
nid001029.dogwood.wcoss2.ncep.noaa.gov 0: OOPS_STATS oops::Covariance::ensemble::Constructor             :         0.02       2            0.0078
nid001029.dogwood.wcoss2.ncep.noaa.gov 0: OOPS_STATS oops::Covariance::ensemble::multiply                :    493809.19     102         4841.2666
nid001029.dogwood.wcoss2.ncep.noaa.gov 0: OOPS_STATS oops::Covariance::hybrid::Constructor               :         0.01       2            0.0066
nid001029.dogwood.wcoss2.ncep.noaa.gov 0: OOPS_STATS oops::Covariance::hybrid::multiply                  :    604571.36     102         5927.1702
nid001029.dogwood.wcoss2.ncep.noaa.gov 0: OOPS_STATS oops::GeoVaLs::GeoVaLs                              :        37.51     621            0.0604
nid001029.dogwood.wcoss2.ncep.noaa.gov 0: OOPS_STATS oops::GeoVaLs::fill                                 :         1.75    2672            0.0007
nid001029.dogwood.wcoss2.ncep.noaa.gov 0: OOPS_STATS oops::GeoVaLs::fillAD                               :         1.22    2448            0.0005
nid001029.dogwood.wcoss2.ncep.noaa.gov 0: OOPS_STATS oops::GeoVaLs::~GeoVaLs                             :         1.22     621            0.0020
nid001029.dogwood.wcoss2.ncep.noaa.gov 0: OOPS_STATS oops::Geometry::Geometry                            :     12925.28       5         2585.0560
nid001029.dogwood.wcoss2.ncep.noaa.gov 0: OOPS_STATS oops::Geometry::variableSizes                       :         0.22      55            0.0040
nid001029.dogwood.wcoss2.ncep.noaa.gov 0: OOPS_STATS oops::Geometry::~Geometry                           :         1.40       5            0.2794
nid001029.dogwood.wcoss2.ncep.noaa.gov 0: OOPS_STATS oops::GetValues::GetValues                          :     33988.10      15         2265.8734
nid001029.dogwood.wcoss2.ncep.noaa.gov 0: OOPS_STATS oops::GetValues::fillGeoVaLs                        :        22.37      15            1.4917
nid001029.dogwood.wcoss2.ncep.noaa.gov 0: OOPS_STATS oops::GetValues::fillGeoVaLsAD                      :        13.89     306            0.0454
nid001029.dogwood.wcoss2.ncep.noaa.gov 0: OOPS_STATS oops::GetValues::fillGeoVaLsTL                      :         8.58     300            0.0286
nid001029.dogwood.wcoss2.ncep.noaa.gov 0: OOPS_STATS oops::GetValues::finalize                           :         1.13      15            0.0755
nid001029.dogwood.wcoss2.ncep.noaa.gov 0: OOPS_STATS oops::GetValues::finalizeAD                         :         7.46     306            0.0244
nid001029.dogwood.wcoss2.ncep.noaa.gov 0: OOPS_STATS oops::GetValues::finalizeTL                         :         8.97     300            0.0299
nid001029.dogwood.wcoss2.ncep.noaa.gov 0: OOPS_STATS oops::GetValues::initialize                         :         0.77      15            0.0510
nid001029.dogwood.wcoss2.ncep.noaa.gov 0: OOPS_STATS oops::GetValues::initializeAD                       :         2.61     306            0.0085
nid001029.dogwood.wcoss2.ncep.noaa.gov 0: OOPS_STATS oops::GetValues::initializeTL                       :        17.21     300            0.0574
nid001029.dogwood.wcoss2.ncep.noaa.gov 0: OOPS_STATS oops::GetValues::process                            :        28.99      15            1.9326
nid001029.dogwood.wcoss2.ncep.noaa.gov 0: OOPS_STATS oops::GetValues::processAD                          :       751.12     306            2.4546
nid001029.dogwood.wcoss2.ncep.noaa.gov 0: OOPS_STATS oops::GetValues::processTL                          :       603.77     300            2.0126
nid001029.dogwood.wcoss2.ncep.noaa.gov 0: OOPS_STATS oops::Increment::Increment                          :      7649.18    7337            1.0425
nid001029.dogwood.wcoss2.ncep.noaa.gov 0: OOPS_STATS oops::Increment::axpy                               :      2665.56    2750            0.9693
nid001029.dogwood.wcoss2.ncep.noaa.gov 0: OOPS_STATS oops::Increment::diff                               :     23140.36      65          356.0055
nid001029.dogwood.wcoss2.ncep.noaa.gov 0: OOPS_STATS oops::Increment::dot_product_with                   :      6042.98    2959            2.0422
nid001029.dogwood.wcoss2.ncep.noaa.gov 0: OOPS_STATS oops::Increment::fromFieldSet                       :     17716.90    3264            5.4280
nid001029.dogwood.wcoss2.ncep.noaa.gov 0: OOPS_STATS oops::Increment::operator*=                         :       378.46     506            0.7479
nid001029.dogwood.wcoss2.ncep.noaa.gov 0: OOPS_STATS oops::Increment::operator+=                         :      3704.08    3726            0.9941
nid001029.dogwood.wcoss2.ncep.noaa.gov 0: OOPS_STATS oops::Increment::operator+=(State, Increment)       :      1440.46       2          720.2279
nid001029.dogwood.wcoss2.ncep.noaa.gov 0: OOPS_STATS oops::Increment::operator-=                         :        84.93      60            1.4155
nid001029.dogwood.wcoss2.ncep.noaa.gov 0: OOPS_STATS oops::Increment::operator=                          :      3480.65    4311            0.8074
nid001029.dogwood.wcoss2.ncep.noaa.gov 0: OOPS_STATS oops::Increment::print                              :       949.12      13           73.0093
nid001029.dogwood.wcoss2.ncep.noaa.gov 0: OOPS_STATS oops::Increment::schur_product_with                 :      5335.98    6120            0.8719
nid001029.dogwood.wcoss2.ncep.noaa.gov 0: OOPS_STATS oops::Increment::serialSize                         :         0.28     441            0.0006
nid001029.dogwood.wcoss2.ncep.noaa.gov 0: OOPS_STATS oops::Increment::toFieldSet                         :     13249.63    3364            3.9387
nid001029.dogwood.wcoss2.ncep.noaa.gov 0: OOPS_STATS oops::Increment::zero                               :       236.74     410            0.5774
nid001029.dogwood.wcoss2.ncep.noaa.gov 0: OOPS_STATS oops::Increment::~Increment                         :       131.95    7337            0.0180
nid001029.dogwood.wcoss2.ncep.noaa.gov 0: OOPS_STATS oops::LinearObsOper::aircar_airTemperature_133::Lin :        53.97       2           26.9841
nid001029.dogwood.wcoss2.ncep.noaa.gov 0: OOPS_STATS oops::LinearObsOper::aircar_airTemperature_133::req :         0.00       2            0.0018
nid001029.dogwood.wcoss2.ncep.noaa.gov 0: OOPS_STATS oops::LinearObsOper::aircar_airTemperature_133::set :        28.19       2           14.0945
nid001029.dogwood.wcoss2.ncep.noaa.gov 0: OOPS_STATS oops::LinearObsOper::aircar_airTemperature_133::sim :         1.20     102            0.0118
nid001029.dogwood.wcoss2.ncep.noaa.gov 0: OOPS_STATS oops::LinearObsOper::aircar_airTemperature_133::sim :         1.55     100            0.0155
nid001029.dogwood.wcoss2.ncep.noaa.gov 0: OOPS_STATS oops::LinearObsOper::aircar_airTemperature_133::~Li :         0.04       2            0.0198
nid001029.dogwood.wcoss2.ncep.noaa.gov 0: OOPS_STATS oops::LinearObsOper::aircar_specificHumidity_133::L :         0.09       2            0.0426
nid001029.dogwood.wcoss2.ncep.noaa.gov 0: OOPS_STATS oops::LinearObsOper::aircar_specificHumidity_133::r :         0.00       2            0.0006
nid001029.dogwood.wcoss2.ncep.noaa.gov 0: OOPS_STATS oops::LinearObsOper::aircar_specificHumidity_133::s :         0.15       2            0.0765
nid001029.dogwood.wcoss2.ncep.noaa.gov 0: OOPS_STATS oops::LinearObsOper::aircar_specificHumidity_133::s :         0.16     102            0.0016
nid001029.dogwood.wcoss2.ncep.noaa.gov 0: OOPS_STATS oops::LinearObsOper::aircar_specificHumidity_133::s :         0.22     100            0.0022
nid001029.dogwood.wcoss2.ncep.noaa.gov 0: OOPS_STATS oops::LinearObsOper::aircar_specificHumidity_133::~ :         0.01       2            0.0031
nid001029.dogwood.wcoss2.ncep.noaa.gov 0: OOPS_STATS oops::LinearObsOper::aircar_winds_233::LinearObsOpe :         0.10       2            0.0478
nid001029.dogwood.wcoss2.ncep.noaa.gov 0: OOPS_STATS oops::LinearObsOper::aircar_winds_233::requiredVars :         0.00       2            0.0002
nid001029.dogwood.wcoss2.ncep.noaa.gov 0: OOPS_STATS oops::LinearObsOper::aircar_winds_233::setTrajector :         0.16       2            0.0777
nid001029.dogwood.wcoss2.ncep.noaa.gov 0: OOPS_STATS oops::LinearObsOper::aircar_winds_233::simulateObsA :         0.25     102            0.0025
nid001029.dogwood.wcoss2.ncep.noaa.gov 0: OOPS_STATS oops::LinearObsOper::aircar_winds_233::simulateObsT :         0.33     100            0.0033
nid001029.dogwood.wcoss2.ncep.noaa.gov 0: OOPS_STATS oops::LinearObsOper::aircar_winds_233::~LinearObsOp :         0.00       2            0.0022
nid001029.dogwood.wcoss2.ncep.noaa.gov 0: OOPS_STATS oops::LinearVariableChange::LinearVariableChange    :         1.77       4            0.4426
nid001029.dogwood.wcoss2.ncep.noaa.gov 0: OOPS_STATS oops::LinearVariableChange::changeVarAD             :      4798.50     204           23.5221
nid001029.dogwood.wcoss2.ncep.noaa.gov 0: OOPS_STATS oops::LinearVariableChange::changeVarTL             :      2626.71     202           13.0035
nid001029.dogwood.wcoss2.ncep.noaa.gov 0: OOPS_STATS oops::LinearVariableChange::changeVarTraj           :       106.87       4           26.7177
nid001029.dogwood.wcoss2.ncep.noaa.gov 0: OOPS_STATS oops::LinearVariableChange::~LinearVariableChange   :         1.73       4            0.4314
nid001029.dogwood.wcoss2.ncep.noaa.gov 0: OOPS_STATS oops::LocalInterpolator::LocalInterpolator          :     21458.19   29040            0.7389
nid001029.dogwood.wcoss2.ncep.noaa.gov 0: OOPS_STATS oops::LocalInterpolator::apply                      :        12.69   29040            0.0004
nid001029.dogwood.wcoss2.ncep.noaa.gov 0: OOPS_STATS oops::LocalInterpolator::applyAD                    :       426.20  592416            0.0007
nid001029.dogwood.wcoss2.ncep.noaa.gov 0: OOPS_STATS oops::LocalInterpolator::applyTL                    :       276.82  580800            0.0005
nid001029.dogwood.wcoss2.ncep.noaa.gov 0: OOPS_STATS oops::LocalInterpolator::preprocess                 :       968.87     105            9.2273
nid001029.dogwood.wcoss2.ncep.noaa.gov 0: OOPS_STATS oops::LocalInterpolator::preprocessAD               :       612.32     102            6.0031
nid001029.dogwood.wcoss2.ncep.noaa.gov 0: OOPS_STATS oops::LocalInterpolator::~LocalInterpolator         :         6.26   29040            0.0002
nid001029.dogwood.wcoss2.ncep.noaa.gov 0: OOPS_STATS oops::Localization::Localization                    :      3761.34       2         1880.6706
nid001029.dogwood.wcoss2.ncep.noaa.gov 0: OOPS_STATS oops::Localization::multiply                        :    479870.29    3060          156.8204
nid001029.dogwood.wcoss2.ncep.noaa.gov 0: OOPS_STATS oops::Localization::~Localization                   :      2469.84       2         1234.9186
nid001029.dogwood.wcoss2.ncep.noaa.gov 0: OOPS_STATS oops::MeshTriangulationCache::containingTriangleAnd :       563.59  134232            0.0042
nid001029.dogwood.wcoss2.ncep.noaa.gov 0: OOPS_STATS oops::MeshTriangulationCache::setLocalTree          :        24.46       4            6.1160
nid001029.dogwood.wcoss2.ncep.noaa.gov 0: OOPS_STATS oops::MeshTriangulationCache::setMeshAndTriangulati :       932.95       4          233.2378
nid001029.dogwood.wcoss2.ncep.noaa.gov 0: OOPS_STATS oops::ModelAuxControl::ModelAuxControl              :         0.01       5            0.0024
nid001029.dogwood.wcoss2.ncep.noaa.gov 0: OOPS_STATS oops::ModelAuxControl::print                        :         0.01       6            0.0010
nid001029.dogwood.wcoss2.ncep.noaa.gov 0: OOPS_STATS oops::ModelAuxControl::~ModelAuxControl             :         0.01       5            0.0014
nid001029.dogwood.wcoss2.ncep.noaa.gov 0: OOPS_STATS oops::ModelAuxCovariance::ModelAuxCovariance        :         0.00       1            0.0045
nid001029.dogwood.wcoss2.ncep.noaa.gov 0: OOPS_STATS oops::ModelAuxCovariance::linearize                 :         0.00       2            0.0002
nid001029.dogwood.wcoss2.ncep.noaa.gov 0: OOPS_STATS oops::ModelAuxCovariance::multiply                  :         0.04     102            0.0004
nid001029.dogwood.wcoss2.ncep.noaa.gov 0: OOPS_STATS oops::ModelAuxCovariance::~ModelAuxCovariance       :         0.00       1            0.0010
nid001029.dogwood.wcoss2.ncep.noaa.gov 0: OOPS_STATS oops::ModelAuxIncrement::ModelAuxIncrement          :         0.26     441            0.0006
nid001029.dogwood.wcoss2.ncep.noaa.gov 0: OOPS_STATS oops::ModelAuxIncrement::axpy                       :         0.77    2750            0.0003
nid001029.dogwood.wcoss2.ncep.noaa.gov 0: OOPS_STATS oops::ModelAuxIncrement::diff                       :         0.01       5            0.0011
nid001029.dogwood.wcoss2.ncep.noaa.gov 0: OOPS_STATS oops::ModelAuxIncrement::dot_product_with           :         0.71    2959            0.0002
nid001029.dogwood.wcoss2.ncep.noaa.gov 0: OOPS_STATS oops::ModelAuxIncrement::operator*=                 :         0.04     198            0.0002
nid001029.dogwood.wcoss2.ncep.noaa.gov 0: OOPS_STATS oops::ModelAuxIncrement::operator+=                 :         0.08     300            0.0003
nid001029.dogwood.wcoss2.ncep.noaa.gov 0: OOPS_STATS oops::ModelAuxIncrement::operator+=ModelAuxControl  :         0.00       2            0.0002
nid001029.dogwood.wcoss2.ncep.noaa.gov 0: OOPS_STATS oops::ModelAuxIncrement::operator=                  :         0.03     108            0.0003
nid001029.dogwood.wcoss2.ncep.noaa.gov 0: OOPS_STATS oops::ModelAuxIncrement::print                      :         0.01      13            0.0008
nid001029.dogwood.wcoss2.ncep.noaa.gov 0: OOPS_STATS oops::ModelAuxIncrement::serialSize                 :         0.03     441            0.0001
nid001029.dogwood.wcoss2.ncep.noaa.gov 0: OOPS_STATS oops::ModelAuxIncrement::zero                       :         0.02     102            0.0002
nid001029.dogwood.wcoss2.ncep.noaa.gov 0: OOPS_STATS oops::ModelAuxIncrement::~ModelAuxIncrement         :         0.20     441            0.0005
nid001029.dogwood.wcoss2.ncep.noaa.gov 0: OOPS_STATS oops::ModelData::ModelData                          :         0.11       4            0.0283
nid001029.dogwood.wcoss2.ncep.noaa.gov 0: OOPS_STATS oops::ModelData::modelData                          :         0.43       4            0.1076
nid001029.dogwood.wcoss2.ncep.noaa.gov 0: OOPS_STATS oops::ModelData::~ModelData                         :         0.03       4            0.0076
nid001029.dogwood.wcoss2.ncep.noaa.gov 0: OOPS_STATS oops::ObsAuxControl::ObsAuxControl                  :         0.22      15            0.0144
nid001029.dogwood.wcoss2.ncep.noaa.gov 0: OOPS_STATS oops::ObsAuxControl::print                          :         0.01      18            0.0005
nid001029.dogwood.wcoss2.ncep.noaa.gov 0: OOPS_STATS oops::ObsAuxControl::requiredHdiagnostics           :         0.00       9            0.0002
nid001029.dogwood.wcoss2.ncep.noaa.gov 0: OOPS_STATS oops::ObsAuxControl::requiredVars                   :         0.01      30            0.0002
nid001029.dogwood.wcoss2.ncep.noaa.gov 0: OOPS_STATS oops::ObsAuxControl::write                          :         0.05       3            0.0160
nid001029.dogwood.wcoss2.ncep.noaa.gov 0: OOPS_STATS oops::ObsAuxControl::~ObsAuxControl                 :         0.02      15            0.0014
nid001029.dogwood.wcoss2.ncep.noaa.gov 0: OOPS_STATS oops::ObsAuxCovariance::ObsAuxCovariance            :         2.66       3            0.8876
nid001029.dogwood.wcoss2.ncep.noaa.gov 0: OOPS_STATS oops::ObsAuxCovariance::inverseMultiply             :         0.29     306            0.0010
nid001029.dogwood.wcoss2.ncep.noaa.gov 0: OOPS_STATS oops::ObsAuxCovariance::linearize                   :         0.02       6            0.0041
nid001029.dogwood.wcoss2.ncep.noaa.gov 0: OOPS_STATS oops::ObsAuxCovariance::multiply                    :         0.62     306            0.0020
nid001029.dogwood.wcoss2.ncep.noaa.gov 0: OOPS_STATS oops::ObsAuxCovariance::preconditioner              :         0.28       6            0.0470
nid001029.dogwood.wcoss2.ncep.noaa.gov 0: OOPS_STATS oops::ObsAuxCovariance::write                       :         0.05       3            0.0160
nid001029.dogwood.wcoss2.ncep.noaa.gov 0: OOPS_STATS oops::ObsAuxCovariance::~ObsAuxCovariance           :         0.00       3            0.0016
nid001029.dogwood.wcoss2.ncep.noaa.gov 0: OOPS_STATS oops::ObsAuxIncrement::ObsAuxIncrement              :        24.37    1323            0.0184
nid001029.dogwood.wcoss2.ncep.noaa.gov 0: OOPS_STATS oops::ObsAuxIncrement::axpy                         :         4.71    8250            0.0006
nid001029.dogwood.wcoss2.ncep.noaa.gov 0: OOPS_STATS oops::ObsAuxIncrement::diff                         :         0.05      15            0.0033
nid001029.dogwood.wcoss2.ncep.noaa.gov 0: OOPS_STATS oops::ObsAuxIncrement::dot_product_with             :         4.98    8877            0.0006
nid001029.dogwood.wcoss2.ncep.noaa.gov 0: OOPS_STATS oops::ObsAuxIncrement::operator*=                   :         0.75     594            0.0013
nid001029.dogwood.wcoss2.ncep.noaa.gov 0: OOPS_STATS oops::ObsAuxIncrement::operator+=                   :         0.67     900            0.0007
nid001029.dogwood.wcoss2.ncep.noaa.gov 0: OOPS_STATS oops::ObsAuxIncrement::operator=                    :         0.20     324            0.0006
nid001029.dogwood.wcoss2.ncep.noaa.gov 0: OOPS_STATS oops::ObsAuxIncrement::print                        :         0.02      39            0.0005
nid001029.dogwood.wcoss2.ncep.noaa.gov 0: OOPS_STATS oops::ObsAuxIncrement::serialSize                   :         0.13    2646            0.0000
nid001029.dogwood.wcoss2.ncep.noaa.gov 0: OOPS_STATS oops::ObsAuxIncrement::zero                         :         0.15     306            0.0005
nid001029.dogwood.wcoss2.ncep.noaa.gov 0: OOPS_STATS oops::ObsAuxIncrement::~ObsAuxIncrement             :         1.95    1323            0.0015
nid001029.dogwood.wcoss2.ncep.noaa.gov 0: OOPS_STATS oops::ObsAuxPreconditioner::multiply                :         0.25     306            0.0008
nid001029.dogwood.wcoss2.ncep.noaa.gov 0: OOPS_STATS oops::ObsAuxPreconditioner::~ObsAuxPreconditioner   :         0.02      18            0.0009
nid001029.dogwood.wcoss2.ncep.noaa.gov 0: OOPS_STATS oops::ObsDataVector::ObsDataVector                  :         0.06      15            0.0041
nid001029.dogwood.wcoss2.ncep.noaa.gov 0: OOPS_STATS oops::ObsDataVector::mask                           :         0.00       9            0.0004
nid001029.dogwood.wcoss2.ncep.noaa.gov 0: OOPS_STATS oops::ObsDataVector::operator=                      :         0.01       9            0.0010
nid001029.dogwood.wcoss2.ncep.noaa.gov 0: OOPS_STATS oops::ObsDataVector::print                          :         2.61       9            0.2905
nid001029.dogwood.wcoss2.ncep.noaa.gov 0: OOPS_STATS oops::ObsDataVector::save                           :         0.53      18            0.0292
nid001029.dogwood.wcoss2.ncep.noaa.gov 0: OOPS_STATS oops::ObsDataVector::~ObsDataVector                 :         0.01      15            0.0009
nid001029.dogwood.wcoss2.ncep.noaa.gov 0: OOPS_STATS oops::ObsDiagnostics::ObsDiagnostics                :         0.76       9            0.0846
nid001029.dogwood.wcoss2.ncep.noaa.gov 0: OOPS_STATS oops::ObsDiagnostics::~ObsDiagnostics               :         0.23       9            0.0254
nid001029.dogwood.wcoss2.ncep.noaa.gov 0: OOPS_STATS oops::ObsError::getRMSE                             :         2.83      18            0.1572
nid001029.dogwood.wcoss2.ncep.noaa.gov 0: OOPS_STATS oops::ObsError::inverseMultiply                     :         0.36     309            0.0012
nid001029.dogwood.wcoss2.ncep.noaa.gov 0: OOPS_STATS oops::ObsError::obserrors                           :         0.06      27            0.0022
nid001029.dogwood.wcoss2.ncep.noaa.gov 0: OOPS_STATS oops::ObsError::update                              :         4.30       9            0.4777
nid001029.dogwood.wcoss2.ncep.noaa.gov 0: OOPS_STATS oops::ObsError::~ObsError                           :         0.02       3            0.0062
nid001029.dogwood.wcoss2.ncep.noaa.gov 0: OOPS_STATS oops::ObsOperator::aircar_airTemperature_133::ObsOp :       195.42       3           65.1417
nid001029.dogwood.wcoss2.ncep.noaa.gov 0: OOPS_STATS oops::ObsOperator::aircar_airTemperature_133::compu :         0.11       5            0.0230
nid001029.dogwood.wcoss2.ncep.noaa.gov 0: OOPS_STATS oops::ObsOperator::aircar_airTemperature_133::locat :         0.93       5            0.1866
nid001029.dogwood.wcoss2.ncep.noaa.gov 0: OOPS_STATS oops::ObsOperator::aircar_airTemperature_133::requi :         0.00       5            0.0009
nid001029.dogwood.wcoss2.ncep.noaa.gov 0: OOPS_STATS oops::ObsOperator::aircar_airTemperature_133::simul :        16.88       3            5.6259
nid001029.dogwood.wcoss2.ncep.noaa.gov 0: OOPS_STATS oops::ObsOperator::aircar_airTemperature_133::~ObsO :         0.04       3            0.0121
nid001029.dogwood.wcoss2.ncep.noaa.gov 0: OOPS_STATS oops::ObsOperator::aircar_specificHumidity_133::Obs :         0.24       3            0.0812
nid001029.dogwood.wcoss2.ncep.noaa.gov 0: OOPS_STATS oops::ObsOperator::aircar_specificHumidity_133::com :         0.05       5            0.0091
nid001029.dogwood.wcoss2.ncep.noaa.gov 0: OOPS_STATS oops::ObsOperator::aircar_specificHumidity_133::loc :         0.58       5            0.1164
nid001029.dogwood.wcoss2.ncep.noaa.gov 0: OOPS_STATS oops::ObsOperator::aircar_specificHumidity_133::req :         0.00       5            0.0007
nid001029.dogwood.wcoss2.ncep.noaa.gov 0: OOPS_STATS oops::ObsOperator::aircar_specificHumidity_133::sim :         0.05       3            0.0158
nid001029.dogwood.wcoss2.ncep.noaa.gov 0: OOPS_STATS oops::ObsOperator::aircar_specificHumidity_133::~Ob :         0.01       3            0.0022
nid001029.dogwood.wcoss2.ncep.noaa.gov 0: OOPS_STATS oops::ObsOperator::aircar_winds_233::ObsOperator    :         0.30       3            0.1003
nid001029.dogwood.wcoss2.ncep.noaa.gov 0: OOPS_STATS oops::ObsOperator::aircar_winds_233::computeReduced :         0.04       5            0.0079
nid001029.dogwood.wcoss2.ncep.noaa.gov 0: OOPS_STATS oops::ObsOperator::aircar_winds_233::locations      :         0.39       5            0.0780
nid001029.dogwood.wcoss2.ncep.noaa.gov 0: OOPS_STATS oops::ObsOperator::aircar_winds_233::requiredVars   :         0.00       5            0.0005
nid001029.dogwood.wcoss2.ncep.noaa.gov 0: OOPS_STATS oops::ObsOperator::aircar_winds_233::simulateObs    :         0.07       3            0.0235
nid001029.dogwood.wcoss2.ncep.noaa.gov 0: OOPS_STATS oops::ObsOperator::aircar_winds_233::~ObsOperator   :         0.01       3            0.0020
nid001029.dogwood.wcoss2.ncep.noaa.gov 0: OOPS_STATS oops::ObsSpace::ObsSpace                            :      1298.10       3          432.7010
nid001029.dogwood.wcoss2.ncep.noaa.gov 0: OOPS_STATS oops::ObsSpace::obsvariables                        :         0.00       9            0.0001
nid001029.dogwood.wcoss2.ncep.noaa.gov 0: OOPS_STATS oops::ObsSpace::save                                :      1416.66       3          472.2200
nid001029.dogwood.wcoss2.ncep.noaa.gov 0: OOPS_STATS oops::ObsSpace::~ObsSpace                           :         2.92       3            0.9722
nid001029.dogwood.wcoss2.ncep.noaa.gov 0: OOPS_STATS oops::ObsVector::ObsVector                          :         1.84     681            0.0027
nid001029.dogwood.wcoss2.ncep.noaa.gov 0: OOPS_STATS oops::ObsVector::dot_product                        :         0.75      18            0.0416
nid001029.dogwood.wcoss2.ncep.noaa.gov 0: OOPS_STATS oops::ObsVector::info                               :         2.39      27            0.0884
nid001029.dogwood.wcoss2.ncep.noaa.gov 0: OOPS_STATS oops::ObsVector::operator*=                         :         0.00       9            0.0005
nid001029.dogwood.wcoss2.ncep.noaa.gov 0: OOPS_STATS oops::ObsVector::operator-=                         :         0.01       9            0.0006
nid001029.dogwood.wcoss2.ncep.noaa.gov 0: OOPS_STATS oops::ObsVector::operator=                          :         0.02      18            0.0013
nid001029.dogwood.wcoss2.ncep.noaa.gov 0: OOPS_STATS oops::ObsVector::rms                                :         1.44      18            0.0801
nid001029.dogwood.wcoss2.ncep.noaa.gov 0: OOPS_STATS oops::ObsVector::save                               :         0.47      27            0.0175
nid001029.dogwood.wcoss2.ncep.noaa.gov 0: OOPS_STATS oops::ObsVector::zero                               :         0.10     309            0.0003
nid001029.dogwood.wcoss2.ncep.noaa.gov 0: OOPS_STATS oops::ObsVector::~ObsVector                         :         1.06     681            0.0016
nid001029.dogwood.wcoss2.ncep.noaa.gov 0: OOPS_STATS oops::Parameters::deserialize                       :       466.90     350            1.3340
nid001029.dogwood.wcoss2.ncep.noaa.gov 0: OOPS_STATS oops::Parameters::serialize                         :        21.69     593            0.0366
nid001029.dogwood.wcoss2.ncep.noaa.gov 0: OOPS_STATS oops::Run::execute                                  :    935040.79       1       935040.7891
nid001029.dogwood.wcoss2.ncep.noaa.gov 0: OOPS_STATS oops::SampledLocations::SampledLocations            :         0.01      21            0.0003
nid001029.dogwood.wcoss2.ncep.noaa.gov 0: OOPS_STATS oops::SampledLocations::latitudes                   :         0.00      15            0.0002
nid001029.dogwood.wcoss2.ncep.noaa.gov 0: OOPS_STATS oops::SampledLocations::longitudes                  :         0.00      15            0.0001
nid001029.dogwood.wcoss2.ncep.noaa.gov 0: OOPS_STATS oops::SampledLocations::times                       :         0.00      15            0.0001
nid001029.dogwood.wcoss2.ncep.noaa.gov 0: OOPS_STATS oops::SampledLocations::~SampledLocations           :         0.19      42            0.0045
nid001029.dogwood.wcoss2.ncep.noaa.gov 0: OOPS_STATS oops::SourceProximityCache::setGlobalTree           :      8257.34       4         2064.3355
nid001029.dogwood.wcoss2.ncep.noaa.gov 0: OOPS_STATS oops::State::State                                  :    192969.60     200          964.8480
nid001029.dogwood.wcoss2.ncep.noaa.gov 0: OOPS_STATS oops::State::print                                  :       193.82       6           32.3039
nid001029.dogwood.wcoss2.ncep.noaa.gov 0: OOPS_STATS oops::State::toFieldSet                             :        94.63      12            7.8856
nid001029.dogwood.wcoss2.ncep.noaa.gov 0: OOPS_STATS oops::State::variables                              :         0.00     116            0.0000
nid001029.dogwood.wcoss2.ncep.noaa.gov 0: OOPS_STATS oops::State::write                                  :      8781.17       1         8781.1720
nid001029.dogwood.wcoss2.ncep.noaa.gov 0: OOPS_STATS oops::State::zero                                   :        13.78      60            0.2297
nid001029.dogwood.wcoss2.ncep.noaa.gov 0: OOPS_STATS oops::State::~State                                 :        34.02     200            0.1701
nid001029.dogwood.wcoss2.ncep.noaa.gov 0: OOPS_STATS oops::UnstructuredInterpolator::UnstructuredInterpo :      7531.11  191664            0.0393
nid001029.dogwood.wcoss2.ncep.noaa.gov 0: OOPS_STATS oops::UnstructuredInterpolator::apply               :       853.91 6890224            0.0001
nid001029.dogwood.wcoss2.ncep.noaa.gov 0: OOPS_STATS oops::UnstructuredInterpolator::applyAD             :       317.63 6714048            0.0000
nid001029.dogwood.wcoss2.ncep.noaa.gov 0: OOPS_STATS oops::VariableChange::VariableChange                :       512.28       5          102.4551
nid001029.dogwood.wcoss2.ncep.noaa.gov 0: OOPS_STATS oops::VariableChange::changeVar                     :       611.13       5          122.2262
nid001029.dogwood.wcoss2.ncep.noaa.gov 0: OOPS_STATS oops::VariableChange::~VariableChange               :         0.59       5            0.1188
nid001029.dogwood.wcoss2.ncep.noaa.gov 0: OOPS_STATS saber::ErrorCovariance::ErrorCovariance             :     27123.10       2        13561.5488
nid001029.dogwood.wcoss2.ncep.noaa.gov 0: OOPS_STATS saber::ErrorCovariance::doMultiply                  :    103515.04     102         1014.8533
nid001029.dogwood.wcoss2.ncep.noaa.gov 0: OOPS_STATS saber::ErrorCovariance::~ErrorCovariance            :         0.00       2            0.0002
nid001029.dogwood.wcoss2.ncep.noaa.gov 0: OOPS_STATS saber::Localization::Localization                   :      3761.31       2         1880.6567
nid001029.dogwood.wcoss2.ncep.noaa.gov 0: OOPS_STATS saber::Localization::multiply                       :    476289.94    3060          155.6503
nid001029.dogwood.wcoss2.ncep.noaa.gov 0: OOPS_STATS saber::Localization::~Localization                  :         0.00       2            0.0002
nid001029.dogwood.wcoss2.ncep.noaa.gov 0: OOPS_STATS saber::gsi::StaticCovariance::multiply              :     96594.87     102          947.0085
nid001029.dogwood.wcoss2.ncep.noaa.gov 0: OOPS_STATS saber::gsi::StaticCovariance::~StaticCovariance     :         0.03       2            0.0127
nid001029.dogwood.wcoss2.ncep.noaa.gov 0: OOPS_STATS saber::mgbf::Covariance::Covariance                 :       845.49       2          422.7469
nid001029.dogwood.wcoss2.ncep.noaa.gov 0: OOPS_STATS saber::mgbf::Covariance::multiply                   :    263996.03    3060           86.2732
nid001029.dogwood.wcoss2.ncep.noaa.gov 0: OOPS_STATS saber::mgbf::Covariance::~Covariance                :      2469.36       2         1234.6814
nid001029.dogwood.wcoss2.ncep.noaa.gov 0: OOPS_STATS ufo::ObsFilter::ObsFilter                           :        10.73      66            0.1626
nid001029.dogwood.wcoss2.ncep.noaa.gov 0: OOPS_STATS ufo::ObsFilter::checkFilterData                     :         0.04     198            0.0002
nid001029.dogwood.wcoss2.ncep.noaa.gov 0: OOPS_STATS ufo::ObsFilter::postFilter                          :       325.27      66            4.9283
nid001029.dogwood.wcoss2.ncep.noaa.gov 0: OOPS_STATS ufo::ObsFilter::preProcess                          :       764.11      66           11.5774
nid001029.dogwood.wcoss2.ncep.noaa.gov 0: OOPS_STATS ufo::ObsFilter::priorFilter                         :       337.19      66            5.1089
nid001029.dogwood.wcoss2.ncep.noaa.gov 0: OOPS_STATS ufo::ObsFilter::~ObsFilter                          :         0.67     160            0.0042
nid001029.dogwood.wcoss2.ncep.noaa.gov 0: OOPS_STATS util::Timers::measured                              :    934084.16       1       934084.1578
nid001029.dogwood.wcoss2.ncep.noaa.gov 0: OOPS_STATS ------------------------------------ Timing Statistics -------------------------------------
nid001029.dogwood.wcoss2.ncep.noaa.gov 0: 
nid001029.dogwood.wcoss2.ncep.noaa.gov 0: OOPS_STATS ------------------------------------------------------------------------------------------------------------------
nid001029.dogwood.wcoss2.ncep.noaa.gov 0: OOPS_STATS ---------------------------------- Parallel Timing Statistics (1936 MPI tasks) -----------------------------------
nid001029.dogwood.wcoss2.ncep.noaa.gov 0: OOPS_STATS ------------------------------------------------------------------------------------------------------------------
nid001029.dogwood.wcoss2.ncep.noaa.gov 0: OOPS_STATS Name                                                :     min (ms)    max (ms)    avg (ms)     % total   imbal (%)
nid001029.dogwood.wcoss2.ncep.noaa.gov 0: OOPS_STATS oops::Covariance::EnsembleCovariance                :    183257.04   184762.48   184407.82       19.72        0.82
nid001029.dogwood.wcoss2.ncep.noaa.gov 0: OOPS_STATS oops::Covariance::EnsembleCovariance native ensembl :     38245.74    38251.25    38248.68        4.09        0.01
nid001029.dogwood.wcoss2.ncep.noaa.gov 0: OOPS_STATS oops::Covariance::EnsembleCovariance native geometr :      1934.60     3424.54     3083.64        0.33       48.32
nid001029.dogwood.wcoss2.ncep.noaa.gov 0: OOPS_STATS oops::Covariance::EnsembleCovariance resolution con :    138435.92   138837.38   138609.67       14.82        0.29
nid001029.dogwood.wcoss2.ncep.noaa.gov 0: OOPS_STATS oops::Covariance::HybridCovariance                  :    211577.71   211609.70   211590.74       22.63        0.02
nid001029.dogwood.wcoss2.ncep.noaa.gov 0: OOPS_STATS oops::Covariance::SABER::multiply                   :    110119.25   110241.10   110170.80       11.78        0.11
nid001029.dogwood.wcoss2.ncep.noaa.gov 0: OOPS_STATS oops::Covariance::ensemble::multiply                :    493636.48   495595.64   494808.86       52.92        0.40
nid001029.dogwood.wcoss2.ncep.noaa.gov 0: OOPS_STATS oops::Covariance::hybrid::multiply                  :    604427.89   606402.78   605612.19       64.77        0.33
nid001029.dogwood.wcoss2.ncep.noaa.gov 0: OOPS_STATS oops::Geometry::Geometry                            :     11723.56    13456.69    12946.35        1.38       13.39
nid001029.dogwood.wcoss2.ncep.noaa.gov 0: OOPS_STATS oops::GetValues::GetValues                          :     33901.59    35548.49    34145.56        3.65        4.82
nid001029.dogwood.wcoss2.ncep.noaa.gov 0: OOPS_STATS oops::Increment::Increment                          :      6456.70     8767.46     7896.38        0.84       29.26
nid001029.dogwood.wcoss2.ncep.noaa.gov 0: OOPS_STATS oops::Increment::axpy                               :      2353.65     2753.36     2544.36        0.27       15.71
nid001029.dogwood.wcoss2.ncep.noaa.gov 0: OOPS_STATS oops::Increment::diff                               :     23095.01    23988.78    23696.62        2.53        3.77
nid001029.dogwood.wcoss2.ncep.noaa.gov 0: OOPS_STATS oops::Increment::dot_product_with                   :      4067.27     6787.46     5176.90        0.55       52.54
nid001029.dogwood.wcoss2.ncep.noaa.gov 0: OOPS_STATS oops::Increment::fromFieldSet                       :     16083.90    19722.14    17789.86        1.90       20.45
nid001029.dogwood.wcoss2.ncep.noaa.gov 0: OOPS_STATS oops::Increment::operator+=                         :      3116.52     4950.85     4074.46        0.44       45.02
nid001029.dogwood.wcoss2.ncep.noaa.gov 0: OOPS_STATS oops::Increment::operator+=(State, Increment)       :      1425.80     1547.53     1477.39        0.16        8.24
nid001029.dogwood.wcoss2.ncep.noaa.gov 0: OOPS_STATS oops::Increment::operator=                          :      2670.90     4669.99     3782.65        0.40       52.85
nid001029.dogwood.wcoss2.ncep.noaa.gov 0: OOPS_STATS oops::Increment::schur_product_with                 :      4356.10     7567.06     6294.88        0.67       51.01
nid001029.dogwood.wcoss2.ncep.noaa.gov 0: OOPS_STATS oops::Increment::toFieldSet                         :     11526.81    14382.80    12809.69        1.37       22.30
nid001029.dogwood.wcoss2.ncep.noaa.gov 0: OOPS_STATS oops::LinearVariableChange::changeVarAD             :      4554.11     4899.15     4747.54        0.51        7.27
nid001029.dogwood.wcoss2.ncep.noaa.gov 0: OOPS_STATS oops::LinearVariableChange::changeVarTL             :       848.89     2818.01     1678.25        0.18      117.33
nid001029.dogwood.wcoss2.ncep.noaa.gov 0: OOPS_STATS oops::LocalInterpolator::LocalInterpolator          :     21302.31    24401.45    21778.23        2.33       14.23
nid001029.dogwood.wcoss2.ncep.noaa.gov 0: OOPS_STATS oops::LocalInterpolator::preprocess                 :       511.28     8515.94     5373.78        0.57      148.96
nid001029.dogwood.wcoss2.ncep.noaa.gov 0: OOPS_STATS oops::Localization::Localization                    :      3355.32     3932.16     3616.42        0.39       15.95
nid001029.dogwood.wcoss2.ncep.noaa.gov 0: OOPS_STATS oops::Localization::multiply                        :    476459.18   482577.71   479174.43       51.25        1.28
nid001029.dogwood.wcoss2.ncep.noaa.gov 0: OOPS_STATS oops::Localization::~Localization                   :      2437.38     2490.18     2465.78        0.26        2.14
nid001029.dogwood.wcoss2.ncep.noaa.gov 0: OOPS_STATS oops::ObsSpace::ObsSpace                            :      1272.17     1336.43     1310.23        0.14        4.90
nid001029.dogwood.wcoss2.ncep.noaa.gov 0: OOPS_STATS oops::ObsSpace::save                                :      1416.25     1417.30     1417.00        0.15        0.07
nid001029.dogwood.wcoss2.ncep.noaa.gov 0: OOPS_STATS oops::SourceProximityCache::setGlobalTree           :      8125.66     8354.72     8222.29        0.88        2.79
nid001029.dogwood.wcoss2.ncep.noaa.gov 0: OOPS_STATS oops::State::State                                  :    192717.21   193975.76   193372.17       20.68        0.65
nid001029.dogwood.wcoss2.ncep.noaa.gov 0: OOPS_STATS oops::State::write                                  :      1404.26     8781.17     4200.01        0.45      175.64
nid001029.dogwood.wcoss2.ncep.noaa.gov 0: OOPS_STATS oops::UnstructuredInterpolator::UnstructuredInterpo :       558.53    12418.98     1098.68        0.12     1079.52
nid001029.dogwood.wcoss2.ncep.noaa.gov 0: OOPS_STATS oops::UnstructuredInterpolator::apply               :       724.11    17903.47    13012.92        1.39      132.02
nid001029.dogwood.wcoss2.ncep.noaa.gov 0: OOPS_STATS oops::UnstructuredInterpolator::applyAD             :       286.47    12091.58     9381.13        1.00      125.84
nid001029.dogwood.wcoss2.ncep.noaa.gov 0: OOPS_STATS saber::ErrorCovariance::ErrorCovariance             :     26754.41    28250.15    27100.22        2.90        5.52
nid001029.dogwood.wcoss2.ncep.noaa.gov 0: OOPS_STATS saber::ErrorCovariance::doMultiply                  :    103380.63   105290.04   104474.76       11.17        1.83
nid001029.dogwood.wcoss2.ncep.noaa.gov 0: OOPS_STATS saber::Localization::Localization                   :      3355.30     3932.14     3616.40        0.39       15.95
nid001029.dogwood.wcoss2.ncep.noaa.gov 0: OOPS_STATS saber::Localization::multiply                       :    472448.66   479587.72   475388.30       50.84        1.50
nid001029.dogwood.wcoss2.ncep.noaa.gov 0: OOPS_STATS saber::gsi::StaticCovariance::multiply              :     96032.44    96652.26    96310.77       10.30        0.64
nid001029.dogwood.wcoss2.ncep.noaa.gov 0: OOPS_STATS saber::mgbf::Covariance::multiply                   :    259469.99   272724.21   264236.67       28.26        5.02
nid001029.dogwood.wcoss2.ncep.noaa.gov 0: OOPS_STATS saber::mgbf::Covariance::~Covariance                :      2436.86     2489.61     2464.95        0.26        2.14
nid001029.dogwood.wcoss2.ncep.noaa.gov 0: OOPS_STATS util::Timers::measured                              :    933831.50   934618.21   934131.66       99.91        0.08
nid001029.dogwood.wcoss2.ncep.noaa.gov 0: OOPS_STATS oops::Run::execute                                  :    934916.40   935070.38   934990.42      100.00        0.02
nid001029.dogwood.wcoss2.ncep.noaa.gov 0: OOPS_STATS ---------------------------------- Parallel Timing Statistics (1936 MPI tasks) -----------------------------------
nid001029.dogwood.wcoss2.ncep.noaa.gov 0: 
nid001029.dogwood.wcoss2.ncep.noaa.gov 0: OOPS_STATS Run end                                  - Runtime:    996.27 sec,  Memory: total: 10961.83 GB, per task: min =     5.52 GB, max =     5.87 GB
nid001029.dogwood.wcoss2.ncep.noaa.gov 0: Run: Finishing oops::Variational<FV3JEDI, UFO and IODA observations> with status = 0
nid001029.dogwood.wcoss2.ncep.noaa.gov 0: OOPS Ending   2026-08-03 21:53:25 (UTC+0000)
PBS: Running epilogue on parent mom node: nid001029...
nid002345: hostfile_replace_entries: link /root/.ssh/known_hosts to /root/.ssh/known_hosts.old: File exists
nid003322: hostfile_replace_entries: link /root/.ssh/known_hosts to /root/.ssh/known_hosts.old: File exists
nid002345: update_known_hosts: hostfile_replace_entries failed for /root/.ssh/known_hosts: File exists
nid003322: update_known_hosts: hostfile_replace_entries failed for /root/.ssh/known_hosts: File exists
nid003324: hostfile_replace_entries: link /root/.ssh/known_hosts to /root/.ssh/known_hosts.old: File exists
nid003324: update_known_hosts: hostfile_replace_entries failed for /root/.ssh/known_hosts: File exists
nid003302: hostfile_replace_entries: link /root/.ssh/known_hosts to /root/.ssh/known_hosts.old: File exists
nid003302: update_known_hosts: hostfile_replace_entries failed for /root/.ssh/known_hosts: File exists
nid003333: hostfile_replace_entries: link /root/.ssh/known_hosts to /root/.ssh/known_hosts.old: File exists
nid003333: update_known_hosts: hostfile_replace_entries failed for /root/.ssh/known_hosts: File exists
nid002445: hostfile_replace_entries: link /root/.ssh/known_hosts to /root/.ssh/known_hosts.old: File exists
nid002445: update_known_hosts: hostfile_replace_entries failed for /root/.ssh/known_hosts: File exists
##### Job 133426463.dbqs01 - PBS Job Script:
(Note: Duplicate #PBS entries are a function how PBS interprets and caches the original job script.)

#!/bin/bash
#PBS -A RRFS-DEV
#PBS -q dev
#PBS -l walltime=03:45:00
#PBS -l select=62:mpiprocs=128:ncpus=128:ompthreads=4
#PBS -l place=vscatter:exclhost
#PBS -N deb-hyb-dual-vdl_v1-mpi_v1-node62-omp_4-p1936 
##PBS -l debug=true
#PBS -j oe -o deb-hyb-online_dual-vdl_dbz-omp_4-p1936.log


#/lfs/h2/emc/da/noscrub/Shun.Liu/rrfs/testD/ufs-srweather-app/regional_workflow/ush/load_modules_run_task.sh run_anal_gsi /lfs/h2/emc/da/noscrub/Shun.Liu/rrfs/testD/ufs-srweather-app/regional_workflow/jobs/JREGIONAL_RUN_ANAL

#source /lfs/h2/emc/lam/noscrub/emc.lam/rrfs/v0.6.9/ufs-srweather-app/env/build_wcoss2_intel.env
moduledir="/lfs/h2/emc/da/noscrub/Ting.Lei/dr-rdasapp/RDASApp/modulefiles"
module use $moduledir
module load RDAS/wcoss2.intel
export LD_LIBRARY_PATH="${LD_LIBRARY_PATH}:/opt/cray/pe/mpich/8.1.19/ofi/intel/19.0/lib"


ulimit -s unlimited
ulimit -a

echo "start time:"
date


#rundir=/lfs/h2/emc/ptmp/emc.lam/Shun.Liu/anal_conv_gsi_spinup
rundir=/lfs/h2/emc/da/noscrub/Ting.Lei/dr-NA-Ens3Dvar-MGBF/fv3_2024052700_nadomain

cd $rundir

export OMP_NUM_THREADS=4
export OMP_PLACES=cores
export OMP_PROC_BIND=close
export OMP_STACKSIZE=512M
export MPICH_ALLTOALLV_THROTTLE=484
#last_run=$(ls nodiagwrt_nosat_stdout.* 2>/dev/null | sort -n -t. -k 2 | tail -1)

EXEC=/lfs/h2/emc/da/noscrub/Ting.Lei/dr-jedi-bundle-dev/jedi-bundle/build/bin/fv3jedi_var.x
export JEDI_LIBS="/lfs/h2/emc/da/noscrub/Ting.Lei/dr-jedi-bundle-dev/jedi-bundle/build/lib64:/lfs/h2/emc/da/noscrub/Ting.Lei/dr-jedi-bundle-dev/jedi-bundle/build/lib"
# add subproject libs if present:
# JEDI_LIBS="$JEDI_LIBS:/lfs/.../oops/build/lib64:/lfs/.../saber/build/lib64:/lfs/.../ufo/build/lib64"

# include MKL/compiler runtimes if you linked them:
module load intel-oneapi-mkl intel-oneapi-compiler  # or whatever sets MKLROOT
export LD_LIBRARY_PATH="$JEDI_LIBS:$MKLROOT/lib/intel64:$LD_LIBRARY_PATH"
export MPICH_OFI_STARTUP_CONNECT=1


# make sure mpiexec propagates env (Hydra/PALS understands -env or -genv):
mpiexec  -l --line-buffer  -n 1936 -ppn 32 --cpu-bind core --depth 4 --label \
  -env LD_LIBRARY_PATH "$LD_LIBRARY_PATH" \
  $EXEC \
   deb-hyb-online_dual-vdl_dbz-p1936.yaml   deb-hyb-dual-vdl_dbz-omp_4-p1936-mpi-v1.out
exit


##### End of job script
------------------------------------------------------------------

